       Fresh unicode-ident v1.0.26
       Fresh proc-macro2 v1.0.107
       Fresh cfg-if v1.0.5
       Fresh autocfg v1.5.1
       Fresh rand_core v0.10.1
       Fresh shlex v2.0.1
       Fresh find-msvc-tools v0.1.14
       Fresh linux-raw-sys v0.12.1
       Fresh either v1.19.0
       Fresh bitflags v2.13.2
       Fresh cc v1.6.0
       Fresh regex-syntax v0.8.11
       Fresh dashu-base v0.4.3
       Fresh clap_lex v1.1.1
       Fresh itoa v1.0.18
       Fresh static_assertions v1.1.0
       Fresh ciborium-io v0.2.2
       Fresh quote v1.0.47
       Fresh libc v0.2.190
       Fresh serde_core v1.0.229
       Fresh crossbeam-utils v0.8.23
       Fresh zmij v1.0.23
       Fresh rustix v1.1.5
       Fresh rustversion v1.0.23
       Fresh once_cell v1.21.4
       Fresh memchr v2.8.3
       Fresh anstyle v1.0.14
       Fresh num-modular v0.6.6
       Fresh plotters-backend v0.3.7
       Fresh fastrand v2.5.0
       Fresh regex-automata v0.4.18
       Fresh itertools v0.13.0
       Fresh quick-error v1.2.3
       Fresh bit-vec v0.8.0
       Fresh cpufeatures v0.3.1
       Fresh same-file v1.0.6
       Fresh cast v0.3.0
       Fresh syn v2.0.119
       Fresh syn v3.0.6
       Fresh num-traits v0.2.19
       Fresh getrandom v0.3.4
       Fresh getrandom v0.4.3
warning: use of deprecated constant `libc::INT_MAX`: Use `c_int::MAX` instead.
   --> /home/lucien/.cargo/registry/src/index.crates.io-1949cf8c6b5b557f/getrandom-0.4.3/src/backends/use_file.rs:164:74
    |
164 |         let ret = unsafe { libc::syscall(libc::SYS_futex, &FD, op, libc::INT_MAX) };
    |                                                                          ^^^^^^^
    |
    = note: `#[warn(deprecated)]` on by default

       Fresh crossbeam-epoch v0.9.21
       Fresh wait-timeout v0.2.1
       Fresh dashu-int v0.4.3
       Fresh plotters-svg v0.3.7
       Fresh serde_json v1.0.151
       Fresh clap_builder v4.6.7
       Fresh fnv v1.0.7
       Fresh bit-set v0.8.0
       Fresh regex v1.13.1
       Fresh chacha20 v0.10.2
       Fresh page_size v0.6.0
       Fresh criterion-plot v0.8.2
       Fresh walkdir v2.5.0
       Fresh bytemuck v1.25.2
       Fresh unarray v0.1.4
       Fresh oorandom v11.1.5
       Fresh anes v0.1.6
warning: `getrandom` (lib) generated 1 warning
       Fresh zerocopy-derive v0.8.62
       Fresh serde_derive v1.0.229
       Fresh rand_core v0.9.5
       Fresh crossbeam-deque v0.8.8
       Fresh tempfile v3.27.0
       Fresh thiserror-impl v2.0.21
       Fresh clap v4.6.7
       Fresh plotters v0.3.7
warning: irrefutable `if let` pattern
   --> /home/lucien/.cargo/registry/src/index.crates.io-1949cf8c6b5b557f/plotters-0.3.7/src/coord/ranged1d/types/numeric.rs:29:20
    |
 29 |                 if let Ok(index) = Self::ValueType::try_from(index) {
    |                    ^^^^^^^^^^^^^^^^^^^^^^^^^^^^^^^^^^^^^^^^^^^^^^^^
...
344 | impl_discrete_trait!(RangedCoordusize);
    | -------------------------------------- in this macro invocation
    |
    = note: this pattern will always match, so the `if let` is useless
    = help: consider replacing the `if let` with a `let`
    = note: `#[warn(irrefutable_let_patterns)]` on by default
    = note: this warning originates in the macro `impl_discrete_trait` (in Nightly builds, run with -Z macro-backtrace for more info)

warning: fields `0` and `1` are never read
  --> /home/lucien/.cargo/registry/src/index.crates.io-1949cf8c6b5b557f/plotters-0.3.7/src/style/font/naive.rs:16:29
   |
16 | pub struct FontDataInternal(String, String);
   |            ---------------- ^^^^^^  ^^^^^^
   |            |
   |            fields in this struct
   |
   = help: consider removing these fields
   = note: `FontDataInternal` has a derived impl for the trait `Clone`, but this is intentionally ignored during dead code analysis
   = note: `#[warn(dead_code)]` (part of `#[warn(unused)]`) on by default

warning: hiding a lifetime that's elided elsewhere is confusing
   --> /home/lucien/.cargo/registry/src/index.crates.io-1949cf8c6b5b557f/plotters-0.3.7/src/style/font/font_desc.rs:121:23
    |
121 |     pub fn get_family(&self) -> FontFamily {
    |                       ^^^^^     ^^^^^^^^^^ the same lifetime is hidden here
    |                       |
    |                       the lifetime is elided here
    |
    = help: the same lifetime is referred to in inconsistent ways, making the signature confusing
    = note: `#[warn(mismatched_lifetime_syntaxes)]` on by default
help: use `'_` for type paths
    |
121 |     pub fn get_family(&self) -> FontFamily<'_> {
    |                                           ++++

warning: hiding a lifetime that's elided elsewhere is confusing
   --> /home/lucien/.cargo/registry/src/index.crates.io-1949cf8c6b5b557f/plotters-0.3.7/src/style/text.rs:311:15
    |
311 |     fn family(&self) -> FontFamily {
    |               ^^^^^     ^^^^^^^^^^ the same lifetime is hidden here
    |               |
    |               the lifetime is elided here
    |
    = help: the same lifetime is referred to in inconsistent ways, making the signature confusing
help: use `'_` for type paths
    |
311 |     fn family(&self) -> FontFamily<'_> {
    |                                   ++++

       Fresh alloca v0.4.0
       Fresh dashu-float v0.4.5
       Fresh approx v0.5.1
       Fresh rand v0.10.3
warning: `plotters` (lib) generated 4 warnings
       Fresh zerocopy v0.8.62
       Fresh serde v1.0.229
       Fresh rayon-core v1.13.0
       Fresh rusty-fork v0.3.1
       Fresh rand v0.9.5
       Fresh thiserror v2.0.21
       Fresh rand_xorshift v0.4.0
       Fresh half v2.7.1
       Fresh ppv-lite86 v0.2.21
       Fresh rayon v1.12.0
       Fresh tinytemplate v1.2.1
warning: hiding a lifetime that's named elsewhere is confusing
   --> /home/lucien/.cargo/registry/src/index.crates.io-1949cf8c6b5b557f/tinytemplate-1.2.1/src/template.rs:120:52
    |
120 |     pub fn compile(text: &'template str) -> Result<Template> {
    |                           ---------                ^^^^^^^^ the same lifetime is hidden here
    |                           |
    |                           the lifetime is named here
    |
    = help: the same lifetime is referred to in inconsistent ways, making the signature confusing
    = note: `#[warn(mismatched_lifetime_syntaxes)]` on by default
help: consistently use `'template`
    |
120 |     pub fn compile(text: &'template str) -> Result<Template<'template>> {
    |                                                            +++++++++++

       Dirty amari-core v0.24.1 (/home/lucien/working/industrial-algebra/Amari/.worktrees/core-w02/amari-core): the file `amari-core/src/unicode_ops.rs` has changed (1791595675.645964835s, 7m 53s after last build at 1791595202.775558553s)
    Checking amari-core v0.24.1 (/home/lucien/working/industrial-algebra/Amari/.worktrees/core-w02/amari-core)
warning: `tinytemplate` (lib) generated 1 warning
       Fresh ciborium-ll v0.2.2
       Fresh rand_chacha v0.9.0
       Fresh ciborium v0.2.2
warning: irrefutable `if let` pattern
   --> /home/lucien/.cargo/registry/src/index.crates.io-1949cf8c6b5b557f/ciborium-0.2.2/src/value/de.rs:246:27
    |
246 |                 } else if let Ok(x) = i128::try_from(*x) {
    |                           ^^^^^^^^^^^^^^^^^^^^^^^^^^^^^^
    |
    = note: this pattern will always match, so the `if let` is useless
    = help: consider replacing the `if let` with a `let`
    = note: `#[warn(irrefutable_let_patterns)]` on by default

warning: irrefutable `if let` pattern
  --> /home/lucien/.cargo/registry/src/index.crates.io-1949cf8c6b5b557f/ciborium-0.2.2/src/value/ser.rs:53:27
   |
53 |                 } else if let Ok(x) = i128::try_from(*x) {
   |                           ^^^^^^^^^^^^^^^^^^^^^^^^^^^^^^
   |
   = note: this pattern will always match, so the `if let` is useless
   = help: consider replacing the `if let` with a `let`

       Fresh proptest v1.11.0
warning: an associated constant with this name may be added to the standard library in the future
   --> /home/lucien/.cargo/registry/src/index.crates.io-1949cf8c6b5b557f/proptest-1.11.0/src/num.rs:707:21
    |
707 |                     $typ::SIGN_MASK
    |                     ^^^^^^^^^^^^^^^ help: use the fully qualified path to the associated const: `<f32 as FloatLayout>::SIGN_MASK`
...
965 | float_bin_search!(f32, F32U);
    | ---------------------------- in this macro invocation
    |
    = warning: once this associated item is added to the standard library, the ambiguity may cause an error or change in behavior!
    = note: for more information, see issue #48919 <https://github.com/rust-lang/rust/issues/48919>
note: the lint level is defined here
   --> /home/lucien/.cargo/registry/src/index.crates.io-1949cf8c6b5b557f/proptest-1.11.0/src/lib.rs:17:11
    |
 17 | #![forbid(future_incompatible)]
    |           ^^^^^^^^^^^^^^^^^^^
    = note: `#[warn(unstable_name_collisions)]` implied by `#[warn(future_incompatible)]`
    = note: this warning originates in the macro `float_any` which comes from the expansion of the macro `float_bin_search` (in Nightly builds, run with -Z macro-backtrace for more info)

warning: an associated constant with this name may be added to the standard library in the future
   --> /home/lucien/.cargo/registry/src/index.crates.io-1949cf8c6b5b557f/proptest-1.11.0/src/num.rs:714:21
    |
714 |                     $typ::SIGN_MASK
    |                     ^^^^^^^^^^^^^^^ help: use the fully qualified path to the associated const: `<f32 as FloatLayout>::SIGN_MASK`
...
965 | float_bin_search!(f32, F32U);
    | ---------------------------- in this macro invocation
    |
    = warning: once this associated item is added to the standard library, the ambiguity may cause an error or change in behavior!
    = note: for more information, see issue #48919 <https://github.com/rust-lang/rust/issues/48919>
    = note: this warning originates in the macro `float_any` which comes from the expansion of the macro `float_bin_search` (in Nightly builds, run with -Z macro-backtrace for more info)

warning: an associated constant with this name may be added to the standard library in the future
   --> /home/lucien/.cargo/registry/src/index.crates.io-1949cf8c6b5b557f/proptest-1.11.0/src/num.rs:739:47
    |
739 |                             ($typ::EXP_MASK | $typ::MANTISSA_MASK, 0,
    |                                               ^^^^^^^^^^^^^^^^^^^ help: use the fully qualified path to the associated const: `<f32 as FloatLayout>::MANTISSA_MASK`
...
965 | float_bin_search!(f32, F32U);
    | ---------------------------- in this macro invocation
    |
    = warning: once this associated item is added to the standard library, the ambiguity may cause an error or change in behavior!
    = note: for more information, see issue #48919 <https://github.com/rust-lang/rust/issues/48919>
    = note: this warning originates in the macro `float_any` which comes from the expansion of the macro `float_bin_search` (in Nightly builds, run with -Z macro-backtrace for more info)

warning: an associated constant with this name may be added to the standard library in the future
   --> /home/lucien/.cargo/registry/src/index.crates.io-1949cf8c6b5b557f/proptest-1.11.0/src/num.rs:742:30
    |
742 |                             ($typ::MANTISSA_MASK, 0, true, false)),
    |                              ^^^^^^^^^^^^^^^^^^^ help: use the fully qualified path to the associated const: `<f32 as FloatLayout>::MANTISSA_MASK`
...
965 | float_bin_search!(f32, F32U);
    | ---------------------------- in this macro invocation
    |
    = warning: once this associated item is added to the standard library, the ambiguity may cause an error or change in behavior!
    = note: for more information, see issue #48919 <https://github.com/rust-lang/rust/issues/48919>
    = note: this warning originates in the macro `float_any` which comes from the expansion of the macro `float_bin_search` (in Nightly builds, run with -Z macro-backtrace for more info)

warning: an associated constant with this name may be added to the standard library in the future
   --> /home/lucien/.cargo/registry/src/index.crates.io-1949cf8c6b5b557f/proptest-1.11.0/src/num.rs:748:30
    |
748 |                             ($typ::MANTISSA_MASK >> 1, quiet_or,
    |                              ^^^^^^^^^^^^^^^^^^^ help: use the fully qualified path to the associated const: `<f32 as FloatLayout>::MANTISSA_MASK`
...
965 | float_bin_search!(f32, F32U);
    | ---------------------------- in this macro invocation
    |
    = warning: once this associated item is added to the standard library, the ambiguity may cause an error or change in behavior!
    = note: for more information, see issue #48919 <https://github.com/rust-lang/rust/issues/48919>
    = note: this warning originates in the macro `float_any` which comes from the expansion of the macro `float_bin_search` (in Nightly builds, run with -Z macro-backtrace for more info)

warning: an associated constant with this name may be added to the standard library in the future
   --> /home/lucien/.cargo/registry/src/index.crates.io-1949cf8c6b5b557f/proptest-1.11.0/src/num.rs:751:30
    |
751 |                             ($typ::MANTISSA_MASK >> 1, signaling_or,
    |                              ^^^^^^^^^^^^^^^^^^^ help: use the fully qualified path to the associated const: `<f32 as FloatLayout>::MANTISSA_MASK`
...
965 | float_bin_search!(f32, F32U);
    | ---------------------------- in this macro invocation
    |
    = warning: once this associated item is added to the standard library, the ambiguity may cause an error or change in behavior!
    = note: for more information, see issue #48919 <https://github.com/rust-lang/rust/issues/48919>
    = note: this warning originates in the macro `float_any` which comes from the expansion of the macro `float_bin_search` (in Nightly builds, run with -Z macro-backtrace for more info)

warning: an associated constant with this name may be added to the standard library in the future
   --> /home/lucien/.cargo/registry/src/index.crates.io-1949cf8c6b5b557f/proptest-1.11.0/src/num.rs:765:44
    |
765 |                     0 == generated_value & $typ::MANTISSA_MASK
    |                                            ^^^^^^^^^^^^^^^^^^^ help: use the fully qualified path to the associated const: `<f32 as FloatLayout>::MANTISSA_MASK`
...
965 | float_bin_search!(f32, F32U);
    | ---------------------------- in this macro invocation
    |
    = warning: once this associated item is added to the standard library, the ambiguity may cause an error or change in behavior!
    = note: for more information, see issue #48919 <https://github.com/rust-lang/rust/issues/48919>
    = note: this warning originates in the macro `float_any` which comes from the expansion of the macro `float_bin_search` (in Nightly builds, run with -Z macro-backtrace for more info)

warning: an associated constant with this name may be added to the standard library in the future
   --> /home/lucien/.cargo/registry/src/index.crates.io-1949cf8c6b5b557f/proptest-1.11.0/src/num.rs:707:21
    |
707 |                     $typ::SIGN_MASK
    |                     ^^^^^^^^^^^^^^^ help: use the fully qualified path to the associated const: `<f64 as FloatLayout>::SIGN_MASK`
...
966 | float_bin_search!(f64, F64U);
    | ---------------------------- in this macro invocation
    |
    = warning: once this associated item is added to the standard library, the ambiguity may cause an error or change in behavior!
    = note: for more information, see issue #48919 <https://github.com/rust-lang/rust/issues/48919>
    = note: this warning originates in the macro `float_any` which comes from the expansion of the macro `float_bin_search` (in Nightly builds, run with -Z macro-backtrace for more info)

warning: an associated constant with this name may be added to the standard library in the future
   --> /home/lucien/.cargo/registry/src/index.crates.io-1949cf8c6b5b557f/proptest-1.11.0/src/num.rs:714:21
    |
714 |                     $typ::SIGN_MASK
    |                     ^^^^^^^^^^^^^^^ help: use the fully qualified path to the associated const: `<f64 as FloatLayout>::SIGN_MASK`
...
966 | float_bin_search!(f64, F64U);
    | ---------------------------- in this macro invocation
    |
    = warning: once this associated item is added to the standard library, the ambiguity may cause an error or change in behavior!
    = note: for more information, see issue #48919 <https://github.com/rust-lang/rust/issues/48919>
    = note: this warning originates in the macro `float_any` which comes from the expansion of the macro `float_bin_search` (in Nightly builds, run with -Z macro-backtrace for more info)

warning: an associated constant with this name may be added to the standard library in the future
   --> /home/lucien/.cargo/registry/src/index.crates.io-1949cf8c6b5b557f/proptest-1.11.0/src/num.rs:739:47
    |
739 |                             ($typ::EXP_MASK | $typ::MANTISSA_MASK, 0,
    |                                               ^^^^^^^^^^^^^^^^^^^ help: use the fully qualified path to the associated const: `<f64 as FloatLayout>::MANTISSA_MASK`
...
966 | float_bin_search!(f64, F64U);
    | ---------------------------- in this macro invocation
    |
    = warning: once this associated item is added to the standard library, the ambiguity may cause an error or change in behavior!
    = note: for more information, see issue #48919 <https://github.com/rust-lang/rust/issues/48919>
    = note: this warning originates in the macro `float_any` which comes from the expansion of the macro `float_bin_search` (in Nightly builds, run with -Z macro-backtrace for more info)

warning: an associated constant with this name may be added to the standard library in the future
   --> /home/lucien/.cargo/registry/src/index.crates.io-1949cf8c6b5b557f/proptest-1.11.0/src/num.rs:742:30
    |
742 |                             ($typ::MANTISSA_MASK, 0, true, false)),
    |                              ^^^^^^^^^^^^^^^^^^^ help: use the fully qualified path to the associated const: `<f64 as FloatLayout>::MANTISSA_MASK`
...
966 | float_bin_search!(f64, F64U);
    | ---------------------------- in this macro invocation
    |
    = warning: once this associated item is added to the standard library, the ambiguity may cause an error or change in behavior!
    = note: for more information, see issue #48919 <https://github.com/rust-lang/rust/issues/48919>
    = note: this warning originates in the macro `float_any` which comes from the expansion of the macro `float_bin_search` (in Nightly builds, run with -Z macro-backtrace for more info)

warning: an associated constant with this name may be added to the standard library in the future
   --> /home/lucien/.cargo/registry/src/index.crates.io-1949cf8c6b5b557f/proptest-1.11.0/src/num.rs:748:30
    |
748 |                             ($typ::MANTISSA_MASK >> 1, quiet_or,
    |                              ^^^^^^^^^^^^^^^^^^^ help: use the fully qualified path to the associated const: `<f64 as FloatLayout>::MANTISSA_MASK`
...
966 | float_bin_search!(f64, F64U);
    | ---------------------------- in this macro invocation
    |
    = warning: once this associated item is added to the standard library, the ambiguity may cause an error or change in behavior!
    = note: for more information, see issue #48919 <https://github.com/rust-lang/rust/issues/48919>
    = note: this warning originates in the macro `float_any` which comes from the expansion of the macro `float_bin_search` (in Nightly builds, run with -Z macro-backtrace for more info)

warning: an associated constant with this name may be added to the standard library in the future
   --> /home/lucien/.cargo/registry/src/index.crates.io-1949cf8c6b5b557f/proptest-1.11.0/src/num.rs:751:30
    |
751 |                             ($typ::MANTISSA_MASK >> 1, signaling_or,
    |                              ^^^^^^^^^^^^^^^^^^^ help: use the fully qualified path to the associated const: `<f64 as FloatLayout>::MANTISSA_MASK`
...
966 | float_bin_search!(f64, F64U);
    | ---------------------------- in this macro invocation
    |
    = warning: once this associated item is added to the standard library, the ambiguity may cause an error or change in behavior!
    = note: for more information, see issue #48919 <https://github.com/rust-lang/rust/issues/48919>
    = note: this warning originates in the macro `float_any` which comes from the expansion of the macro `float_bin_search` (in Nightly builds, run with -Z macro-backtrace for more info)

warning: an associated constant with this name may be added to the standard library in the future
   --> /home/lucien/.cargo/registry/src/index.crates.io-1949cf8c6b5b557f/proptest-1.11.0/src/num.rs:765:44
    |
765 |                     0 == generated_value & $typ::MANTISSA_MASK
    |                                            ^^^^^^^^^^^^^^^^^^^ help: use the fully qualified path to the associated const: `<f64 as FloatLayout>::MANTISSA_MASK`
...
966 | float_bin_search!(f64, F64U);
    | ---------------------------- in this macro invocation
    |
    = warning: once this associated item is added to the standard library, the ambiguity may cause an error or change in behavior!
    = note: for more information, see issue #48919 <https://github.com/rust-lang/rust/issues/48919>
    = note: this warning originates in the macro `float_any` which comes from the expansion of the macro `float_bin_search` (in Nightly builds, run with -Z macro-backtrace for more info)

warning: function pointer comparisons do not produce meaningful results since their addresses are not guaranteed to be unique
   --> /home/lucien/.cargo/registry/src/index.crates.io-1949cf8c6b5b557f/proptest-1.11.0/src/test_runner/config.rs:398:5
    |
223 | #[derive(Clone, Debug, PartialEq)]
    |                        --------- in this derive macro expansion
...
398 |     pub result_cache: fn() -> Box<dyn ResultCache>,
    |     ^^^^^^^^^^^^^^^^^^^^^^^^^^^^^^^^^^^^^^^^^^^^^^
    |
    = note: the address of the same function can vary between different codegen units
    = note: furthermore, different functions could have the same address after being merged together
    = note: for more information visit <https://doc.rust-lang.org/nightly/core/ptr/fn.fn_addr_eq.html>
    = note: `#[warn(unpredictable_function_pointer_comparisons)]` on by default

warning: `ciborium` (lib) generated 2 warnings
     Running `CARGO=/home/lucien/.rustup/toolchains/stable-x86_64-unknown-linux-gnu/bin/cargo CARGO_CRATE_NAME=amari_core CARGO_MANIFEST_DIR=/home/lucien/working/industrial-algebra/Amari/.worktrees/core-w02/amari-core CARGO_MANIFEST_PATH=/home/lucien/working/industrial-algebra/Amari/.worktrees/core-w02/amari-core/Cargo.toml CARGO_PKG_AUTHORS='Amari Contributors' CARGO_PKG_DESCRIPTION='Core geometric algebra and mathematical structures' CARGO_PKG_HOMEPAGE='https://github.com/justinelliottcobb/Amari' CARGO_PKG_LICENSE='MIT OR Apache-2.0' CARGO_PKG_LICENSE_FILE='' CARGO_PKG_NAME=amari-core CARGO_PKG_README=README.md CARGO_PKG_REPOSITORY='https://github.com/justinelliottcobb/Amari' CARGO_PKG_RUST_VERSION='' CARGO_PKG_VERSION=0.24.1 CARGO_PKG_VERSION_MAJOR=0 CARGO_PKG_VERSION_MINOR=24 CARGO_PKG_VERSION_PATCH=1 CARGO_PKG_VERSION_PRE='' CARGO_PRIMARY_PACKAGE=1 LD_LIBRARY_PATH='/home/lucien/working/industrial-algebra/Amari/.worktrees/core-w02/target/d07-baseline/w02/stable/debug/deps:/nix/store/b2swxfi8srrbsafvh9iyyhd26mz9giwf-zlib-1.3.2/lib:/home/lucien/.rustup/toolchains/stable-x86_64-unknown-linux-gnu/lib:LESSKEYIN_SYSTEM=/nix/store/6xdm6iz0jqclwca8za10lg6jhb8ifqwd-lessconfig' /home/lucien/.rustup/toolchains/stable-x86_64-unknown-linux-gnu/bin/clippy-driver /home/lucien/.rustup/toolchains/stable-x86_64-unknown-linux-gnu/bin/rustc --crate-name amari_core --edition=2021 amari-core/src/lib.rs --error-format=json --json=diagnostic-rendered-ansi,artifacts,future-incompat --crate-type lib --emit=dep-info,metadata -C embed-bitcode=no -C debuginfo=2 --cfg 'feature="default"' --cfg 'feature="gf2"' --cfg 'feature="high-precision"' --cfg 'feature="phantom-types"' --cfg 'feature="std"' --check-cfg 'cfg(docsrs,test)' --check-cfg 'cfg(feature, values("creusot-contracts", "default", "formal-verification", "full-precision", "gf2", "high-precision", "native-precision", "parallel", "phantom-types", "rayon", "serde", "serialize", "std", "wasm-precision"))' -C metadata=25cfc9c1f17f80ae -C extra-filename=-11e8abec7248ae1b --out-dir /home/lucien/working/industrial-algebra/Amari/.worktrees/core-w02/target/d07-baseline/w02/stable/x86_64-unknown-linux-gnu/debug/deps --target x86_64-unknown-linux-gnu -C incremental=/home/lucien/working/industrial-algebra/Amari/.worktrees/core-w02/target/d07-baseline/w02/stable/x86_64-unknown-linux-gnu/debug/incremental -L dependency=/home/lucien/working/industrial-algebra/Amari/.worktrees/core-w02/target/d07-baseline/w02/stable/x86_64-unknown-linux-gnu/debug/deps -L dependency=/home/lucien/working/industrial-algebra/Amari/.worktrees/core-w02/target/d07-baseline/w02/stable/debug/deps --extern approx=/home/lucien/working/industrial-algebra/Amari/.worktrees/core-w02/target/d07-baseline/w02/stable/x86_64-unknown-linux-gnu/debug/deps/libapprox-ce7b113927a6c94d.rmeta --extern bytemuck=/home/lucien/working/industrial-algebra/Amari/.worktrees/core-w02/target/d07-baseline/w02/stable/x86_64-unknown-linux-gnu/debug/deps/libbytemuck-0070e1989226b525.rmeta --extern dashu_float=/home/lucien/working/industrial-algebra/Amari/.worktrees/core-w02/target/d07-baseline/w02/stable/x86_64-unknown-linux-gnu/debug/deps/libdashu_float-9e4420ba297f2881.rmeta --extern num_traits=/home/lucien/working/industrial-algebra/Amari/.worktrees/core-w02/target/d07-baseline/w02/stable/x86_64-unknown-linux-gnu/debug/deps/libnum_traits-f9d5cacd31834e60.rmeta --extern thiserror=/home/lucien/working/industrial-algebra/Amari/.worktrees/core-w02/target/d07-baseline/w02/stable/x86_64-unknown-linux-gnu/debug/deps/libthiserror-30877479c1deaf5b.rmeta -C target-cpu=x86-64 -C target-feature=-avx2`
warning: `proptest` (lib) generated 15 warnings
       Fresh criterion v0.8.2
warning: unused import: `criterion_plot::prelude::*`
 --> /home/lucien/.cargo/registry/src/index.crates.io-1949cf8c6b5b557f/criterion-0.8.2/src/plot/gnuplot_backend/distributions.rs:2:5
  |
2 | use criterion_plot::prelude::*;
  |     ^^^^^^^^^^^^^^^^^^^^^^^^^^
  |
  = note: `#[warn(unused_imports)]` (part of `#[warn(unused)]`) on by default

warning: unused import: `criterion_plot::prelude::*`
 --> /home/lucien/.cargo/registry/src/index.crates.io-1949cf8c6b5b557f/criterion-0.8.2/src/plot/gnuplot_backend/iteration_times.rs:1:5
  |
1 | use criterion_plot::prelude::*;
  |     ^^^^^^^^^^^^^^^^^^^^^^^^^^

warning: unused import: `criterion_plot::prelude::*`
 --> /home/lucien/.cargo/registry/src/index.crates.io-1949cf8c6b5b557f/criterion-0.8.2/src/plot/gnuplot_backend/regression.rs:2:5
  |
2 | use criterion_plot::prelude::*;
  |     ^^^^^^^^^^^^^^^^^^^^^^^^^^

warning: unused import: `criterion_plot::prelude::*`
  --> /home/lucien/.cargo/registry/src/index.crates.io-1949cf8c6b5b557f/criterion-0.8.2/src/plot/gnuplot_backend/t_test.rs:1:5
   |
 1 | use criterion_plot::prelude::*;
   |     ^^^^^^^^^^^^^^^^^^^^^^^^^^
   |
help: if this is a test module, consider adding a `#[cfg(test)]` to the containing module
  --> /home/lucien/.cargo/registry/src/index.crates.io-1949cf8c6b5b557f/criterion-0.8.2/src/plot/gnuplot_backend/mod.rs:13:1
   |
13 | mod t_test;
   | ^^^^^^^^^^^

warning: `criterion` (lib) generated 4 warnings
     Running `CARGO=/home/lucien/.rustup/toolchains/stable-x86_64-unknown-linux-gnu/bin/cargo CARGO_CRATE_NAME=amari_core CARGO_MANIFEST_DIR=/home/lucien/working/industrial-algebra/Amari/.worktrees/core-w02/amari-core CARGO_MANIFEST_PATH=/home/lucien/working/industrial-algebra/Amari/.worktrees/core-w02/amari-core/Cargo.toml CARGO_PKG_AUTHORS='Amari Contributors' CARGO_PKG_DESCRIPTION='Core geometric algebra and mathematical structures' CARGO_PKG_HOMEPAGE='https://github.com/justinelliottcobb/Amari' CARGO_PKG_LICENSE='MIT OR Apache-2.0' CARGO_PKG_LICENSE_FILE='' CARGO_PKG_NAME=amari-core CARGO_PKG_README=README.md CARGO_PKG_REPOSITORY='https://github.com/justinelliottcobb/Amari' CARGO_PKG_RUST_VERSION='' CARGO_PKG_VERSION=0.24.1 CARGO_PKG_VERSION_MAJOR=0 CARGO_PKG_VERSION_MINOR=24 CARGO_PKG_VERSION_PATCH=1 CARGO_PKG_VERSION_PRE='' CARGO_PRIMARY_PACKAGE=1 LD_LIBRARY_PATH='/home/lucien/working/industrial-algebra/Amari/.worktrees/core-w02/target/d07-baseline/w02/stable/debug/deps:/nix/store/b2swxfi8srrbsafvh9iyyhd26mz9giwf-zlib-1.3.2/lib:/home/lucien/.rustup/toolchains/stable-x86_64-unknown-linux-gnu/lib:LESSKEYIN_SYSTEM=/nix/store/6xdm6iz0jqclwca8za10lg6jhb8ifqwd-lessconfig' /home/lucien/.rustup/toolchains/stable-x86_64-unknown-linux-gnu/bin/clippy-driver /home/lucien/.rustup/toolchains/stable-x86_64-unknown-linux-gnu/bin/rustc --crate-name amari_core --edition=2021 amari-core/src/lib.rs --error-format=json --json=diagnostic-rendered-ansi,artifacts,future-incompat --emit=dep-info,metadata -C embed-bitcode=no -C debuginfo=2 --test --cfg 'feature="default"' --cfg 'feature="gf2"' --cfg 'feature="high-precision"' --cfg 'feature="phantom-types"' --cfg 'feature="std"' --check-cfg 'cfg(docsrs,test)' --check-cfg 'cfg(feature, values("creusot-contracts", "default", "formal-verification", "full-precision", "gf2", "high-precision", "native-precision", "parallel", "phantom-types", "rayon", "serde", "serialize", "std", "wasm-precision"))' -C metadata=5d06b510b162b6d0 -C extra-filename=-3bbc9862421836af --out-dir /home/lucien/working/industrial-algebra/Amari/.worktrees/core-w02/target/d07-baseline/w02/stable/x86_64-unknown-linux-gnu/debug/deps --target x86_64-unknown-linux-gnu -C incremental=/home/lucien/working/industrial-algebra/Amari/.worktrees/core-w02/target/d07-baseline/w02/stable/x86_64-unknown-linux-gnu/debug/incremental -L dependency=/home/lucien/working/industrial-algebra/Amari/.worktrees/core-w02/target/d07-baseline/w02/stable/x86_64-unknown-linux-gnu/debug/deps -L dependency=/home/lucien/working/industrial-algebra/Amari/.worktrees/core-w02/target/d07-baseline/w02/stable/debug/deps --extern approx=/home/lucien/working/industrial-algebra/Amari/.worktrees/core-w02/target/d07-baseline/w02/stable/x86_64-unknown-linux-gnu/debug/deps/libapprox-ce7b113927a6c94d.rmeta --extern bytemuck=/home/lucien/working/industrial-algebra/Amari/.worktrees/core-w02/target/d07-baseline/w02/stable/x86_64-unknown-linux-gnu/debug/deps/libbytemuck-0070e1989226b525.rmeta --extern criterion=/home/lucien/working/industrial-algebra/Amari/.worktrees/core-w02/target/d07-baseline/w02/stable/x86_64-unknown-linux-gnu/debug/deps/libcriterion-2de353060dd29a5b.rmeta --extern dashu_float=/home/lucien/working/industrial-algebra/Amari/.worktrees/core-w02/target/d07-baseline/w02/stable/x86_64-unknown-linux-gnu/debug/deps/libdashu_float-9e4420ba297f2881.rmeta --extern num_traits=/home/lucien/working/industrial-algebra/Amari/.worktrees/core-w02/target/d07-baseline/w02/stable/x86_64-unknown-linux-gnu/debug/deps/libnum_traits-f9d5cacd31834e60.rmeta --extern proptest=/home/lucien/working/industrial-algebra/Amari/.worktrees/core-w02/target/d07-baseline/w02/stable/x86_64-unknown-linux-gnu/debug/deps/libproptest-9b2a568a912dd125.rmeta --extern rand=/home/lucien/working/industrial-algebra/Amari/.worktrees/core-w02/target/d07-baseline/w02/stable/x86_64-unknown-linux-gnu/debug/deps/librand-7ff54d68f80de39b.rmeta --extern thiserror=/home/lucien/working/industrial-algebra/Amari/.worktrees/core-w02/target/d07-baseline/w02/stable/x86_64-unknown-linux-gnu/debug/deps/libthiserror-30877479c1deaf5b.rmeta -C target-cpu=x86-64 -C target-feature=-avx2 -L native=/home/lucien/working/industrial-algebra/Amari/.worktrees/core-w02/target/d07-baseline/w02/stable/x86_64-unknown-linux-gnu/debug/build/alloca-54b410b450f8e00a/out`
     Running `CARGO=/home/lucien/.rustup/toolchains/stable-x86_64-unknown-linux-gnu/bin/cargo CARGO_CRATE_NAME=basis_word_oracle CARGO_MANIFEST_DIR=/home/lucien/working/industrial-algebra/Amari/.worktrees/core-w02/amari-core CARGO_MANIFEST_PATH=/home/lucien/working/industrial-algebra/Amari/.worktrees/core-w02/amari-core/Cargo.toml CARGO_PKG_AUTHORS='Amari Contributors' CARGO_PKG_DESCRIPTION='Core geometric algebra and mathematical structures' CARGO_PKG_HOMEPAGE='https://github.com/justinelliottcobb/Amari' CARGO_PKG_LICENSE='MIT OR Apache-2.0' CARGO_PKG_LICENSE_FILE='' CARGO_PKG_NAME=amari-core CARGO_PKG_README=README.md CARGO_PKG_REPOSITORY='https://github.com/justinelliottcobb/Amari' CARGO_PKG_RUST_VERSION='' CARGO_PKG_VERSION=0.24.1 CARGO_PKG_VERSION_MAJOR=0 CARGO_PKG_VERSION_MINOR=24 CARGO_PKG_VERSION_PATCH=1 CARGO_PKG_VERSION_PRE='' CARGO_PRIMARY_PACKAGE=1 CARGO_TARGET_TMPDIR=/home/lucien/working/industrial-algebra/Amari/.worktrees/core-w02/target/d07-baseline/w02/stable/x86_64-unknown-linux-gnu/tmp LD_LIBRARY_PATH='/home/lucien/working/industrial-algebra/Amari/.worktrees/core-w02/target/d07-baseline/w02/stable/debug/deps:/nix/store/b2swxfi8srrbsafvh9iyyhd26mz9giwf-zlib-1.3.2/lib:/home/lucien/.rustup/toolchains/stable-x86_64-unknown-linux-gnu/lib:LESSKEYIN_SYSTEM=/nix/store/6xdm6iz0jqclwca8za10lg6jhb8ifqwd-lessconfig' /home/lucien/.rustup/toolchains/stable-x86_64-unknown-linux-gnu/bin/clippy-driver /home/lucien/.rustup/toolchains/stable-x86_64-unknown-linux-gnu/bin/rustc --crate-name basis_word_oracle --edition=2021 amari-core/tests/basis_word_oracle.rs --error-format=json --json=diagnostic-rendered-ansi,artifacts,future-incompat --emit=dep-info,metadata -C embed-bitcode=no -C debuginfo=2 --test --cfg 'feature="default"' --cfg 'feature="gf2"' --cfg 'feature="high-precision"' --cfg 'feature="phantom-types"' --cfg 'feature="std"' --check-cfg 'cfg(docsrs,test)' --check-cfg 'cfg(feature, values("creusot-contracts", "default", "formal-verification", "full-precision", "gf2", "high-precision", "native-precision", "parallel", "phantom-types", "rayon", "serde", "serialize", "std", "wasm-precision"))' -C metadata=f87313bb19fe69b2 -C extra-filename=-87521e97c824b2f8 --out-dir /home/lucien/working/industrial-algebra/Amari/.worktrees/core-w02/target/d07-baseline/w02/stable/x86_64-unknown-linux-gnu/debug/deps --target x86_64-unknown-linux-gnu -C incremental=/home/lucien/working/industrial-algebra/Amari/.worktrees/core-w02/target/d07-baseline/w02/stable/x86_64-unknown-linux-gnu/debug/incremental -L dependency=/home/lucien/working/industrial-algebra/Amari/.worktrees/core-w02/target/d07-baseline/w02/stable/x86_64-unknown-linux-gnu/debug/deps -L dependency=/home/lucien/working/industrial-algebra/Amari/.worktrees/core-w02/target/d07-baseline/w02/stable/debug/deps --extern amari_core=/home/lucien/working/industrial-algebra/Amari/.worktrees/core-w02/target/d07-baseline/w02/stable/x86_64-unknown-linux-gnu/debug/deps/libamari_core-11e8abec7248ae1b.rmeta --extern approx=/home/lucien/working/industrial-algebra/Amari/.worktrees/core-w02/target/d07-baseline/w02/stable/x86_64-unknown-linux-gnu/debug/deps/libapprox-ce7b113927a6c94d.rmeta --extern bytemuck=/home/lucien/working/industrial-algebra/Amari/.worktrees/core-w02/target/d07-baseline/w02/stable/x86_64-unknown-linux-gnu/debug/deps/libbytemuck-0070e1989226b525.rmeta --extern criterion=/home/lucien/working/industrial-algebra/Amari/.worktrees/core-w02/target/d07-baseline/w02/stable/x86_64-unknown-linux-gnu/debug/deps/libcriterion-2de353060dd29a5b.rmeta --extern dashu_float=/home/lucien/working/industrial-algebra/Amari/.worktrees/core-w02/target/d07-baseline/w02/stable/x86_64-unknown-linux-gnu/debug/deps/libdashu_float-9e4420ba297f2881.rmeta --extern num_traits=/home/lucien/working/industrial-algebra/Amari/.worktrees/core-w02/target/d07-baseline/w02/stable/x86_64-unknown-linux-gnu/debug/deps/libnum_traits-f9d5cacd31834e60.rmeta --extern proptest=/home/lucien/working/industrial-algebra/Amari/.worktrees/core-w02/target/d07-baseline/w02/stable/x86_64-unknown-linux-gnu/debug/deps/libproptest-9b2a568a912dd125.rmeta --extern rand=/home/lucien/working/industrial-algebra/Amari/.worktrees/core-w02/target/d07-baseline/w02/stable/x86_64-unknown-linux-gnu/debug/deps/librand-7ff54d68f80de39b.rmeta --extern thiserror=/home/lucien/working/industrial-algebra/Amari/.worktrees/core-w02/target/d07-baseline/w02/stable/x86_64-unknown-linux-gnu/debug/deps/libthiserror-30877479c1deaf5b.rmeta -C target-cpu=x86-64 -C target-feature=-avx2 -L native=/home/lucien/working/industrial-algebra/Amari/.worktrees/core-w02/target/d07-baseline/w02/stable/x86_64-unknown-linux-gnu/debug/build/alloca-54b410b450f8e00a/out`
     Running `CARGO=/home/lucien/.rustup/toolchains/stable-x86_64-unknown-linux-gnu/bin/cargo CARGO_CRATE_NAME=audit_tests CARGO_MANIFEST_DIR=/home/lucien/working/industrial-algebra/Amari/.worktrees/core-w02/amari-core CARGO_MANIFEST_PATH=/home/lucien/working/industrial-algebra/Amari/.worktrees/core-w02/amari-core/Cargo.toml CARGO_PKG_AUTHORS='Amari Contributors' CARGO_PKG_DESCRIPTION='Core geometric algebra and mathematical structures' CARGO_PKG_HOMEPAGE='https://github.com/justinelliottcobb/Amari' CARGO_PKG_LICENSE='MIT OR Apache-2.0' CARGO_PKG_LICENSE_FILE='' CARGO_PKG_NAME=amari-core CARGO_PKG_README=README.md CARGO_PKG_REPOSITORY='https://github.com/justinelliottcobb/Amari' CARGO_PKG_RUST_VERSION='' CARGO_PKG_VERSION=0.24.1 CARGO_PKG_VERSION_MAJOR=0 CARGO_PKG_VERSION_MINOR=24 CARGO_PKG_VERSION_PATCH=1 CARGO_PKG_VERSION_PRE='' CARGO_PRIMARY_PACKAGE=1 CARGO_TARGET_TMPDIR=/home/lucien/working/industrial-algebra/Amari/.worktrees/core-w02/target/d07-baseline/w02/stable/x86_64-unknown-linux-gnu/tmp LD_LIBRARY_PATH='/home/lucien/working/industrial-algebra/Amari/.worktrees/core-w02/target/d07-baseline/w02/stable/debug/deps:/nix/store/b2swxfi8srrbsafvh9iyyhd26mz9giwf-zlib-1.3.2/lib:/home/lucien/.rustup/toolchains/stable-x86_64-unknown-linux-gnu/lib:LESSKEYIN_SYSTEM=/nix/store/6xdm6iz0jqclwca8za10lg6jhb8ifqwd-lessconfig' /home/lucien/.rustup/toolchains/stable-x86_64-unknown-linux-gnu/bin/clippy-driver /home/lucien/.rustup/toolchains/stable-x86_64-unknown-linux-gnu/bin/rustc --crate-name audit_tests --edition=2021 amari-core/tests/audit_tests.rs --error-format=json --json=diagnostic-rendered-ansi,artifacts,future-incompat --emit=dep-info,metadata -C embed-bitcode=no -C debuginfo=2 --test --cfg 'feature="default"' --cfg 'feature="gf2"' --cfg 'feature="high-precision"' --cfg 'feature="phantom-types"' --cfg 'feature="std"' --check-cfg 'cfg(docsrs,test)' --check-cfg 'cfg(feature, values("creusot-contracts", "default", "formal-verification", "full-precision", "gf2", "high-precision", "native-precision", "parallel", "phantom-types", "rayon", "serde", "serialize", "std", "wasm-precision"))' -C metadata=9c8e61f0cdac90a2 -C extra-filename=-e1a2ca991cf1e39d --out-dir /home/lucien/working/industrial-algebra/Amari/.worktrees/core-w02/target/d07-baseline/w02/stable/x86_64-unknown-linux-gnu/debug/deps --target x86_64-unknown-linux-gnu -C incremental=/home/lucien/working/industrial-algebra/Amari/.worktrees/core-w02/target/d07-baseline/w02/stable/x86_64-unknown-linux-gnu/debug/incremental -L dependency=/home/lucien/working/industrial-algebra/Amari/.worktrees/core-w02/target/d07-baseline/w02/stable/x86_64-unknown-linux-gnu/debug/deps -L dependency=/home/lucien/working/industrial-algebra/Amari/.worktrees/core-w02/target/d07-baseline/w02/stable/debug/deps --extern amari_core=/home/lucien/working/industrial-algebra/Amari/.worktrees/core-w02/target/d07-baseline/w02/stable/x86_64-unknown-linux-gnu/debug/deps/libamari_core-11e8abec7248ae1b.rmeta --extern approx=/home/lucien/working/industrial-algebra/Amari/.worktrees/core-w02/target/d07-baseline/w02/stable/x86_64-unknown-linux-gnu/debug/deps/libapprox-ce7b113927a6c94d.rmeta --extern bytemuck=/home/lucien/working/industrial-algebra/Amari/.worktrees/core-w02/target/d07-baseline/w02/stable/x86_64-unknown-linux-gnu/debug/deps/libbytemuck-0070e1989226b525.rmeta --extern criterion=/home/lucien/working/industrial-algebra/Amari/.worktrees/core-w02/target/d07-baseline/w02/stable/x86_64-unknown-linux-gnu/debug/deps/libcriterion-2de353060dd29a5b.rmeta --extern dashu_float=/home/lucien/working/industrial-algebra/Amari/.worktrees/core-w02/target/d07-baseline/w02/stable/x86_64-unknown-linux-gnu/debug/deps/libdashu_float-9e4420ba297f2881.rmeta --extern num_traits=/home/lucien/working/industrial-algebra/Amari/.worktrees/core-w02/target/d07-baseline/w02/stable/x86_64-unknown-linux-gnu/debug/deps/libnum_traits-f9d5cacd31834e60.rmeta --extern proptest=/home/lucien/working/industrial-algebra/Amari/.worktrees/core-w02/target/d07-baseline/w02/stable/x86_64-unknown-linux-gnu/debug/deps/libproptest-9b2a568a912dd125.rmeta --extern rand=/home/lucien/working/industrial-algebra/Amari/.worktrees/core-w02/target/d07-baseline/w02/stable/x86_64-unknown-linux-gnu/debug/deps/librand-7ff54d68f80de39b.rmeta --extern thiserror=/home/lucien/working/industrial-algebra/Amari/.worktrees/core-w02/target/d07-baseline/w02/stable/x86_64-unknown-linux-gnu/debug/deps/libthiserror-30877479c1deaf5b.rmeta -C target-cpu=x86-64 -C target-feature=-avx2 -L native=/home/lucien/working/industrial-algebra/Amari/.worktrees/core-w02/target/d07-baseline/w02/stable/x86_64-unknown-linux-gnu/debug/build/alloca-54b410b450f8e00a/out`
     Running `CARGO=/home/lucien/.rustup/toolchains/stable-x86_64-unknown-linux-gnu/bin/cargo CARGO_CRATE_NAME=rotors CARGO_MANIFEST_DIR=/home/lucien/working/industrial-algebra/Amari/.worktrees/core-w02/amari-core CARGO_MANIFEST_PATH=/home/lucien/working/industrial-algebra/Amari/.worktrees/core-w02/amari-core/Cargo.toml CARGO_PKG_AUTHORS='Amari Contributors' CARGO_PKG_DESCRIPTION='Core geometric algebra and mathematical structures' CARGO_PKG_HOMEPAGE='https://github.com/justinelliottcobb/Amari' CARGO_PKG_LICENSE='MIT OR Apache-2.0' CARGO_PKG_LICENSE_FILE='' CARGO_PKG_NAME=amari-core CARGO_PKG_README=README.md CARGO_PKG_REPOSITORY='https://github.com/justinelliottcobb/Amari' CARGO_PKG_RUST_VERSION='' CARGO_PKG_VERSION=0.24.1 CARGO_PKG_VERSION_MAJOR=0 CARGO_PKG_VERSION_MINOR=24 CARGO_PKG_VERSION_PATCH=1 CARGO_PKG_VERSION_PRE='' CARGO_PRIMARY_PACKAGE=1 CARGO_TARGET_TMPDIR=/home/lucien/working/industrial-algebra/Amari/.worktrees/core-w02/target/d07-baseline/w02/stable/x86_64-unknown-linux-gnu/tmp LD_LIBRARY_PATH='/home/lucien/working/industrial-algebra/Amari/.worktrees/core-w02/target/d07-baseline/w02/stable/debug/deps:/nix/store/b2swxfi8srrbsafvh9iyyhd26mz9giwf-zlib-1.3.2/lib:/home/lucien/.rustup/toolchains/stable-x86_64-unknown-linux-gnu/lib:LESSKEYIN_SYSTEM=/nix/store/6xdm6iz0jqclwca8za10lg6jhb8ifqwd-lessconfig' /home/lucien/.rustup/toolchains/stable-x86_64-unknown-linux-gnu/bin/clippy-driver /home/lucien/.rustup/toolchains/stable-x86_64-unknown-linux-gnu/bin/rustc --crate-name rotors --edition=2021 amari-core/tests/rotors.rs --error-format=json --json=diagnostic-rendered-ansi,artifacts,future-incompat --emit=dep-info,metadata -C embed-bitcode=no -C debuginfo=2 --test --cfg 'feature="default"' --cfg 'feature="gf2"' --cfg 'feature="high-precision"' --cfg 'feature="phantom-types"' --cfg 'feature="std"' --check-cfg 'cfg(docsrs,test)' --check-cfg 'cfg(feature, values("creusot-contracts", "default", "formal-verification", "full-precision", "gf2", "high-precision", "native-precision", "parallel", "phantom-types", "rayon", "serde", "serialize", "std", "wasm-precision"))' -C metadata=104f69b68e070972 -C extra-filename=-83b616db34e7e0fa --out-dir /home/lucien/working/industrial-algebra/Amari/.worktrees/core-w02/target/d07-baseline/w02/stable/x86_64-unknown-linux-gnu/debug/deps --target x86_64-unknown-linux-gnu -C incremental=/home/lucien/working/industrial-algebra/Amari/.worktrees/core-w02/target/d07-baseline/w02/stable/x86_64-unknown-linux-gnu/debug/incremental -L dependency=/home/lucien/working/industrial-algebra/Amari/.worktrees/core-w02/target/d07-baseline/w02/stable/x86_64-unknown-linux-gnu/debug/deps -L dependency=/home/lucien/working/industrial-algebra/Amari/.worktrees/core-w02/target/d07-baseline/w02/stable/debug/deps --extern amari_core=/home/lucien/working/industrial-algebra/Amari/.worktrees/core-w02/target/d07-baseline/w02/stable/x86_64-unknown-linux-gnu/debug/deps/libamari_core-11e8abec7248ae1b.rmeta --extern approx=/home/lucien/working/industrial-algebra/Amari/.worktrees/core-w02/target/d07-baseline/w02/stable/x86_64-unknown-linux-gnu/debug/deps/libapprox-ce7b113927a6c94d.rmeta --extern bytemuck=/home/lucien/working/industrial-algebra/Amari/.worktrees/core-w02/target/d07-baseline/w02/stable/x86_64-unknown-linux-gnu/debug/deps/libbytemuck-0070e1989226b525.rmeta --extern criterion=/home/lucien/working/industrial-algebra/Amari/.worktrees/core-w02/target/d07-baseline/w02/stable/x86_64-unknown-linux-gnu/debug/deps/libcriterion-2de353060dd29a5b.rmeta --extern dashu_float=/home/lucien/working/industrial-algebra/Amari/.worktrees/core-w02/target/d07-baseline/w02/stable/x86_64-unknown-linux-gnu/debug/deps/libdashu_float-9e4420ba297f2881.rmeta --extern num_traits=/home/lucien/working/industrial-algebra/Amari/.worktrees/core-w02/target/d07-baseline/w02/stable/x86_64-unknown-linux-gnu/debug/deps/libnum_traits-f9d5cacd31834e60.rmeta --extern proptest=/home/lucien/working/industrial-algebra/Amari/.worktrees/core-w02/target/d07-baseline/w02/stable/x86_64-unknown-linux-gnu/debug/deps/libproptest-9b2a568a912dd125.rmeta --extern rand=/home/lucien/working/industrial-algebra/Amari/.worktrees/core-w02/target/d07-baseline/w02/stable/x86_64-unknown-linux-gnu/debug/deps/librand-7ff54d68f80de39b.rmeta --extern thiserror=/home/lucien/working/industrial-algebra/Amari/.worktrees/core-w02/target/d07-baseline/w02/stable/x86_64-unknown-linux-gnu/debug/deps/libthiserror-30877479c1deaf5b.rmeta -C target-cpu=x86-64 -C target-feature=-avx2 -L native=/home/lucien/working/industrial-algebra/Amari/.worktrees/core-w02/target/d07-baseline/w02/stable/x86_64-unknown-linux-gnu/debug/build/alloca-54b410b450f8e00a/out`
     Running `CARGO=/home/lucien/.rustup/toolchains/stable-x86_64-unknown-linux-gnu/bin/cargo CARGO_CRATE_NAME=gf2_tests CARGO_MANIFEST_DIR=/home/lucien/working/industrial-algebra/Amari/.worktrees/core-w02/amari-core CARGO_MANIFEST_PATH=/home/lucien/working/industrial-algebra/Amari/.worktrees/core-w02/amari-core/Cargo.toml CARGO_PKG_AUTHORS='Amari Contributors' CARGO_PKG_DESCRIPTION='Core geometric algebra and mathematical structures' CARGO_PKG_HOMEPAGE='https://github.com/justinelliottcobb/Amari' CARGO_PKG_LICENSE='MIT OR Apache-2.0' CARGO_PKG_LICENSE_FILE='' CARGO_PKG_NAME=amari-core CARGO_PKG_README=README.md CARGO_PKG_REPOSITORY='https://github.com/justinelliottcobb/Amari' CARGO_PKG_RUST_VERSION='' CARGO_PKG_VERSION=0.24.1 CARGO_PKG_VERSION_MAJOR=0 CARGO_PKG_VERSION_MINOR=24 CARGO_PKG_VERSION_PATCH=1 CARGO_PKG_VERSION_PRE='' CARGO_PRIMARY_PACKAGE=1 CARGO_TARGET_TMPDIR=/home/lucien/working/industrial-algebra/Amari/.worktrees/core-w02/target/d07-baseline/w02/stable/x86_64-unknown-linux-gnu/tmp LD_LIBRARY_PATH='/home/lucien/working/industrial-algebra/Amari/.worktrees/core-w02/target/d07-baseline/w02/stable/debug/deps:/nix/store/b2swxfi8srrbsafvh9iyyhd26mz9giwf-zlib-1.3.2/lib:/home/lucien/.rustup/toolchains/stable-x86_64-unknown-linux-gnu/lib:LESSKEYIN_SYSTEM=/nix/store/6xdm6iz0jqclwca8za10lg6jhb8ifqwd-lessconfig' /home/lucien/.rustup/toolchains/stable-x86_64-unknown-linux-gnu/bin/clippy-driver /home/lucien/.rustup/toolchains/stable-x86_64-unknown-linux-gnu/bin/rustc --crate-name gf2_tests --edition=2021 amari-core/tests/gf2_tests.rs --error-format=json --json=diagnostic-rendered-ansi,artifacts,future-incompat --emit=dep-info,metadata -C embed-bitcode=no -C debuginfo=2 --test --cfg 'feature="default"' --cfg 'feature="gf2"' --cfg 'feature="high-precision"' --cfg 'feature="phantom-types"' --cfg 'feature="std"' --check-cfg 'cfg(docsrs,test)' --check-cfg 'cfg(feature, values("creusot-contracts", "default", "formal-verification", "full-precision", "gf2", "high-precision", "native-precision", "parallel", "phantom-types", "rayon", "serde", "serialize", "std", "wasm-precision"))' -C metadata=8f91462a5f63d2f1 -C extra-filename=-edb1bc11205753bf --out-dir /home/lucien/working/industrial-algebra/Amari/.worktrees/core-w02/target/d07-baseline/w02/stable/x86_64-unknown-linux-gnu/debug/deps --target x86_64-unknown-linux-gnu -C incremental=/home/lucien/working/industrial-algebra/Amari/.worktrees/core-w02/target/d07-baseline/w02/stable/x86_64-unknown-linux-gnu/debug/incremental -L dependency=/home/lucien/working/industrial-algebra/Amari/.worktrees/core-w02/target/d07-baseline/w02/stable/x86_64-unknown-linux-gnu/debug/deps -L dependency=/home/lucien/working/industrial-algebra/Amari/.worktrees/core-w02/target/d07-baseline/w02/stable/debug/deps --extern amari_core=/home/lucien/working/industrial-algebra/Amari/.worktrees/core-w02/target/d07-baseline/w02/stable/x86_64-unknown-linux-gnu/debug/deps/libamari_core-11e8abec7248ae1b.rmeta --extern approx=/home/lucien/working/industrial-algebra/Amari/.worktrees/core-w02/target/d07-baseline/w02/stable/x86_64-unknown-linux-gnu/debug/deps/libapprox-ce7b113927a6c94d.rmeta --extern bytemuck=/home/lucien/working/industrial-algebra/Amari/.worktrees/core-w02/target/d07-baseline/w02/stable/x86_64-unknown-linux-gnu/debug/deps/libbytemuck-0070e1989226b525.rmeta --extern criterion=/home/lucien/working/industrial-algebra/Amari/.worktrees/core-w02/target/d07-baseline/w02/stable/x86_64-unknown-linux-gnu/debug/deps/libcriterion-2de353060dd29a5b.rmeta --extern dashu_float=/home/lucien/working/industrial-algebra/Amari/.worktrees/core-w02/target/d07-baseline/w02/stable/x86_64-unknown-linux-gnu/debug/deps/libdashu_float-9e4420ba297f2881.rmeta --extern num_traits=/home/lucien/working/industrial-algebra/Amari/.worktrees/core-w02/target/d07-baseline/w02/stable/x86_64-unknown-linux-gnu/debug/deps/libnum_traits-f9d5cacd31834e60.rmeta --extern proptest=/home/lucien/working/industrial-algebra/Amari/.worktrees/core-w02/target/d07-baseline/w02/stable/x86_64-unknown-linux-gnu/debug/deps/libproptest-9b2a568a912dd125.rmeta --extern rand=/home/lucien/working/industrial-algebra/Amari/.worktrees/core-w02/target/d07-baseline/w02/stable/x86_64-unknown-linux-gnu/debug/deps/librand-7ff54d68f80de39b.rmeta --extern thiserror=/home/lucien/working/industrial-algebra/Amari/.worktrees/core-w02/target/d07-baseline/w02/stable/x86_64-unknown-linux-gnu/debug/deps/libthiserror-30877479c1deaf5b.rmeta -C target-cpu=x86-64 -C target-feature=-avx2 -L native=/home/lucien/working/industrial-algebra/Amari/.worktrees/core-w02/target/d07-baseline/w02/stable/x86_64-unknown-linux-gnu/debug/build/alloca-54b410b450f8e00a/out`
     Running `CARGO=/home/lucien/.rustup/toolchains/stable-x86_64-unknown-linux-gnu/bin/cargo CARGO_CRATE_NAME=geometric_product CARGO_MANIFEST_DIR=/home/lucien/working/industrial-algebra/Amari/.worktrees/core-w02/amari-core CARGO_MANIFEST_PATH=/home/lucien/working/industrial-algebra/Amari/.worktrees/core-w02/amari-core/Cargo.toml CARGO_PKG_AUTHORS='Amari Contributors' CARGO_PKG_DESCRIPTION='Core geometric algebra and mathematical structures' CARGO_PKG_HOMEPAGE='https://github.com/justinelliottcobb/Amari' CARGO_PKG_LICENSE='MIT OR Apache-2.0' CARGO_PKG_LICENSE_FILE='' CARGO_PKG_NAME=amari-core CARGO_PKG_README=README.md CARGO_PKG_REPOSITORY='https://github.com/justinelliottcobb/Amari' CARGO_PKG_RUST_VERSION='' CARGO_PKG_VERSION=0.24.1 CARGO_PKG_VERSION_MAJOR=0 CARGO_PKG_VERSION_MINOR=24 CARGO_PKG_VERSION_PATCH=1 CARGO_PKG_VERSION_PRE='' CARGO_PRIMARY_PACKAGE=1 CARGO_TARGET_TMPDIR=/home/lucien/working/industrial-algebra/Amari/.worktrees/core-w02/target/d07-baseline/w02/stable/x86_64-unknown-linux-gnu/tmp LD_LIBRARY_PATH='/home/lucien/working/industrial-algebra/Amari/.worktrees/core-w02/target/d07-baseline/w02/stable/debug/deps:/nix/store/b2swxfi8srrbsafvh9iyyhd26mz9giwf-zlib-1.3.2/lib:/home/lucien/.rustup/toolchains/stable-x86_64-unknown-linux-gnu/lib:LESSKEYIN_SYSTEM=/nix/store/6xdm6iz0jqclwca8za10lg6jhb8ifqwd-lessconfig' /home/lucien/.rustup/toolchains/stable-x86_64-unknown-linux-gnu/bin/clippy-driver /home/lucien/.rustup/toolchains/stable-x86_64-unknown-linux-gnu/bin/rustc --crate-name geometric_product --edition=2021 amari-core/tests/geometric_product.rs --error-format=json --json=diagnostic-rendered-ansi,artifacts,future-incompat --emit=dep-info,metadata -C embed-bitcode=no -C debuginfo=2 --test --cfg 'feature="default"' --cfg 'feature="gf2"' --cfg 'feature="high-precision"' --cfg 'feature="phantom-types"' --cfg 'feature="std"' --check-cfg 'cfg(docsrs,test)' --check-cfg 'cfg(feature, values("creusot-contracts", "default", "formal-verification", "full-precision", "gf2", "high-precision", "native-precision", "parallel", "phantom-types", "rayon", "serde", "serialize", "std", "wasm-precision"))' -C metadata=8463de67d2a3b9a4 -C extra-filename=-25f4033a5c07e4dc --out-dir /home/lucien/working/industrial-algebra/Amari/.worktrees/core-w02/target/d07-baseline/w02/stable/x86_64-unknown-linux-gnu/debug/deps --target x86_64-unknown-linux-gnu -C incremental=/home/lucien/working/industrial-algebra/Amari/.worktrees/core-w02/target/d07-baseline/w02/stable/x86_64-unknown-linux-gnu/debug/incremental -L dependency=/home/lucien/working/industrial-algebra/Amari/.worktrees/core-w02/target/d07-baseline/w02/stable/x86_64-unknown-linux-gnu/debug/deps -L dependency=/home/lucien/working/industrial-algebra/Amari/.worktrees/core-w02/target/d07-baseline/w02/stable/debug/deps --extern amari_core=/home/lucien/working/industrial-algebra/Amari/.worktrees/core-w02/target/d07-baseline/w02/stable/x86_64-unknown-linux-gnu/debug/deps/libamari_core-11e8abec7248ae1b.rmeta --extern approx=/home/lucien/working/industrial-algebra/Amari/.worktrees/core-w02/target/d07-baseline/w02/stable/x86_64-unknown-linux-gnu/debug/deps/libapprox-ce7b113927a6c94d.rmeta --extern bytemuck=/home/lucien/working/industrial-algebra/Amari/.worktrees/core-w02/target/d07-baseline/w02/stable/x86_64-unknown-linux-gnu/debug/deps/libbytemuck-0070e1989226b525.rmeta --extern criterion=/home/lucien/working/industrial-algebra/Amari/.worktrees/core-w02/target/d07-baseline/w02/stable/x86_64-unknown-linux-gnu/debug/deps/libcriterion-2de353060dd29a5b.rmeta --extern dashu_float=/home/lucien/working/industrial-algebra/Amari/.worktrees/core-w02/target/d07-baseline/w02/stable/x86_64-unknown-linux-gnu/debug/deps/libdashu_float-9e4420ba297f2881.rmeta --extern num_traits=/home/lucien/working/industrial-algebra/Amari/.worktrees/core-w02/target/d07-baseline/w02/stable/x86_64-unknown-linux-gnu/debug/deps/libnum_traits-f9d5cacd31834e60.rmeta --extern proptest=/home/lucien/working/industrial-algebra/Amari/.worktrees/core-w02/target/d07-baseline/w02/stable/x86_64-unknown-linux-gnu/debug/deps/libproptest-9b2a568a912dd125.rmeta --extern rand=/home/lucien/working/industrial-algebra/Amari/.worktrees/core-w02/target/d07-baseline/w02/stable/x86_64-unknown-linux-gnu/debug/deps/librand-7ff54d68f80de39b.rmeta --extern thiserror=/home/lucien/working/industrial-algebra/Amari/.worktrees/core-w02/target/d07-baseline/w02/stable/x86_64-unknown-linux-gnu/debug/deps/libthiserror-30877479c1deaf5b.rmeta -C target-cpu=x86-64 -C target-feature=-avx2 -L native=/home/lucien/working/industrial-algebra/Amari/.worktrees/core-w02/target/d07-baseline/w02/stable/x86_64-unknown-linux-gnu/debug/build/alloca-54b410b450f8e00a/out`
     Running `CARGO=/home/lucien/.rustup/toolchains/stable-x86_64-unknown-linux-gnu/bin/cargo CARGO_CRATE_NAME=performance_suite CARGO_MANIFEST_DIR=/home/lucien/working/industrial-algebra/Amari/.worktrees/core-w02/amari-core CARGO_MANIFEST_PATH=/home/lucien/working/industrial-algebra/Amari/.worktrees/core-w02/amari-core/Cargo.toml CARGO_PKG_AUTHORS='Amari Contributors' CARGO_PKG_DESCRIPTION='Core geometric algebra and mathematical structures' CARGO_PKG_HOMEPAGE='https://github.com/justinelliottcobb/Amari' CARGO_PKG_LICENSE='MIT OR Apache-2.0' CARGO_PKG_LICENSE_FILE='' CARGO_PKG_NAME=amari-core CARGO_PKG_README=README.md CARGO_PKG_REPOSITORY='https://github.com/justinelliottcobb/Amari' CARGO_PKG_RUST_VERSION='' CARGO_PKG_VERSION=0.24.1 CARGO_PKG_VERSION_MAJOR=0 CARGO_PKG_VERSION_MINOR=24 CARGO_PKG_VERSION_PATCH=1 CARGO_PKG_VERSION_PRE='' CARGO_PRIMARY_PACKAGE=1 CARGO_TARGET_TMPDIR=/home/lucien/working/industrial-algebra/Amari/.worktrees/core-w02/target/d07-baseline/w02/stable/x86_64-unknown-linux-gnu/tmp LD_LIBRARY_PATH='/home/lucien/working/industrial-algebra/Amari/.worktrees/core-w02/target/d07-baseline/w02/stable/debug/deps:/nix/store/b2swxfi8srrbsafvh9iyyhd26mz9giwf-zlib-1.3.2/lib:/home/lucien/.rustup/toolchains/stable-x86_64-unknown-linux-gnu/lib:LESSKEYIN_SYSTEM=/nix/store/6xdm6iz0jqclwca8za10lg6jhb8ifqwd-lessconfig' /home/lucien/.rustup/toolchains/stable-x86_64-unknown-linux-gnu/bin/clippy-driver /home/lucien/.rustup/toolchains/stable-x86_64-unknown-linux-gnu/bin/rustc --crate-name performance_suite --edition=2021 amari-core/benches/performance_suite.rs --error-format=json --json=diagnostic-rendered-ansi,artifacts,future-incompat --emit=dep-info,metadata -C embed-bitcode=no -C debuginfo=2 --cfg test --cfg 'feature="default"' --cfg 'feature="gf2"' --cfg 'feature="high-precision"' --cfg 'feature="phantom-types"' --cfg 'feature="std"' --check-cfg 'cfg(docsrs,test)' --check-cfg 'cfg(feature, values("creusot-contracts", "default", "formal-verification", "full-precision", "gf2", "high-precision", "native-precision", "parallel", "phantom-types", "rayon", "serde", "serialize", "std", "wasm-precision"))' -C metadata=8cba0166097f08fe -C extra-filename=-9e98ede20b0a741f --out-dir /home/lucien/working/industrial-algebra/Amari/.worktrees/core-w02/target/d07-baseline/w02/stable/x86_64-unknown-linux-gnu/debug/deps --target x86_64-unknown-linux-gnu -C incremental=/home/lucien/working/industrial-algebra/Amari/.worktrees/core-w02/target/d07-baseline/w02/stable/x86_64-unknown-linux-gnu/debug/incremental -L dependency=/home/lucien/working/industrial-algebra/Amari/.worktrees/core-w02/target/d07-baseline/w02/stable/x86_64-unknown-linux-gnu/debug/deps -L dependency=/home/lucien/working/industrial-algebra/Amari/.worktrees/core-w02/target/d07-baseline/w02/stable/debug/deps --extern amari_core=/home/lucien/working/industrial-algebra/Amari/.worktrees/core-w02/target/d07-baseline/w02/stable/x86_64-unknown-linux-gnu/debug/deps/libamari_core-11e8abec7248ae1b.rmeta --extern approx=/home/lucien/working/industrial-algebra/Amari/.worktrees/core-w02/target/d07-baseline/w02/stable/x86_64-unknown-linux-gnu/debug/deps/libapprox-ce7b113927a6c94d.rmeta --extern bytemuck=/home/lucien/working/industrial-algebra/Amari/.worktrees/core-w02/target/d07-baseline/w02/stable/x86_64-unknown-linux-gnu/debug/deps/libbytemuck-0070e1989226b525.rmeta --extern criterion=/home/lucien/working/industrial-algebra/Amari/.worktrees/core-w02/target/d07-baseline/w02/stable/x86_64-unknown-linux-gnu/debug/deps/libcriterion-2de353060dd29a5b.rmeta --extern dashu_float=/home/lucien/working/industrial-algebra/Amari/.worktrees/core-w02/target/d07-baseline/w02/stable/x86_64-unknown-linux-gnu/debug/deps/libdashu_float-9e4420ba297f2881.rmeta --extern num_traits=/home/lucien/working/industrial-algebra/Amari/.worktrees/core-w02/target/d07-baseline/w02/stable/x86_64-unknown-linux-gnu/debug/deps/libnum_traits-f9d5cacd31834e60.rmeta --extern proptest=/home/lucien/working/industrial-algebra/Amari/.worktrees/core-w02/target/d07-baseline/w02/stable/x86_64-unknown-linux-gnu/debug/deps/libproptest-9b2a568a912dd125.rmeta --extern rand=/home/lucien/working/industrial-algebra/Amari/.worktrees/core-w02/target/d07-baseline/w02/stable/x86_64-unknown-linux-gnu/debug/deps/librand-7ff54d68f80de39b.rmeta --extern thiserror=/home/lucien/working/industrial-algebra/Amari/.worktrees/core-w02/target/d07-baseline/w02/stable/x86_64-unknown-linux-gnu/debug/deps/libthiserror-30877479c1deaf5b.rmeta -C target-cpu=x86-64 -C target-feature=-avx2 -L native=/home/lucien/working/industrial-algebra/Amari/.worktrees/core-w02/target/d07-baseline/w02/stable/x86_64-unknown-linux-gnu/debug/build/alloca-54b410b450f8e00a/out`
     Running `CARGO=/home/lucien/.rustup/toolchains/stable-x86_64-unknown-linux-gnu/bin/cargo CARGO_CRATE_NAME=macro_contracts CARGO_MANIFEST_DIR=/home/lucien/working/industrial-algebra/Amari/.worktrees/core-w02/amari-core CARGO_MANIFEST_PATH=/home/lucien/working/industrial-algebra/Amari/.worktrees/core-w02/amari-core/Cargo.toml CARGO_PKG_AUTHORS='Amari Contributors' CARGO_PKG_DESCRIPTION='Core geometric algebra and mathematical structures' CARGO_PKG_HOMEPAGE='https://github.com/justinelliottcobb/Amari' CARGO_PKG_LICENSE='MIT OR Apache-2.0' CARGO_PKG_LICENSE_FILE='' CARGO_PKG_NAME=amari-core CARGO_PKG_README=README.md CARGO_PKG_REPOSITORY='https://github.com/justinelliottcobb/Amari' CARGO_PKG_RUST_VERSION='' CARGO_PKG_VERSION=0.24.1 CARGO_PKG_VERSION_MAJOR=0 CARGO_PKG_VERSION_MINOR=24 CARGO_PKG_VERSION_PATCH=1 CARGO_PKG_VERSION_PRE='' CARGO_PRIMARY_PACKAGE=1 CARGO_TARGET_TMPDIR=/home/lucien/working/industrial-algebra/Amari/.worktrees/core-w02/target/d07-baseline/w02/stable/x86_64-unknown-linux-gnu/tmp LD_LIBRARY_PATH='/home/lucien/working/industrial-algebra/Amari/.worktrees/core-w02/target/d07-baseline/w02/stable/debug/deps:/nix/store/b2swxfi8srrbsafvh9iyyhd26mz9giwf-zlib-1.3.2/lib:/home/lucien/.rustup/toolchains/stable-x86_64-unknown-linux-gnu/lib:LESSKEYIN_SYSTEM=/nix/store/6xdm6iz0jqclwca8za10lg6jhb8ifqwd-lessconfig' /home/lucien/.rustup/toolchains/stable-x86_64-unknown-linux-gnu/bin/clippy-driver /home/lucien/.rustup/toolchains/stable-x86_64-unknown-linux-gnu/bin/rustc --crate-name macro_contracts --edition=2021 amari-core/tests/macro_contracts.rs --error-format=json --json=diagnostic-rendered-ansi,artifacts,future-incompat --emit=dep-info,metadata -C embed-bitcode=no -C debuginfo=2 --test --cfg 'feature="default"' --cfg 'feature="gf2"' --cfg 'feature="high-precision"' --cfg 'feature="phantom-types"' --cfg 'feature="std"' --check-cfg 'cfg(docsrs,test)' --check-cfg 'cfg(feature, values("creusot-contracts", "default", "formal-verification", "full-precision", "gf2", "high-precision", "native-precision", "parallel", "phantom-types", "rayon", "serde", "serialize", "std", "wasm-precision"))' -C metadata=f9d0907abb2f75c6 -C extra-filename=-5ee5ea46c4816120 --out-dir /home/lucien/working/industrial-algebra/Amari/.worktrees/core-w02/target/d07-baseline/w02/stable/x86_64-unknown-linux-gnu/debug/deps --target x86_64-unknown-linux-gnu -C incremental=/home/lucien/working/industrial-algebra/Amari/.worktrees/core-w02/target/d07-baseline/w02/stable/x86_64-unknown-linux-gnu/debug/incremental -L dependency=/home/lucien/working/industrial-algebra/Amari/.worktrees/core-w02/target/d07-baseline/w02/stable/x86_64-unknown-linux-gnu/debug/deps -L dependency=/home/lucien/working/industrial-algebra/Amari/.worktrees/core-w02/target/d07-baseline/w02/stable/debug/deps --extern amari_core=/home/lucien/working/industrial-algebra/Amari/.worktrees/core-w02/target/d07-baseline/w02/stable/x86_64-unknown-linux-gnu/debug/deps/libamari_core-11e8abec7248ae1b.rmeta --extern approx=/home/lucien/working/industrial-algebra/Amari/.worktrees/core-w02/target/d07-baseline/w02/stable/x86_64-unknown-linux-gnu/debug/deps/libapprox-ce7b113927a6c94d.rmeta --extern bytemuck=/home/lucien/working/industrial-algebra/Amari/.worktrees/core-w02/target/d07-baseline/w02/stable/x86_64-unknown-linux-gnu/debug/deps/libbytemuck-0070e1989226b525.rmeta --extern criterion=/home/lucien/working/industrial-algebra/Amari/.worktrees/core-w02/target/d07-baseline/w02/stable/x86_64-unknown-linux-gnu/debug/deps/libcriterion-2de353060dd29a5b.rmeta --extern dashu_float=/home/lucien/working/industrial-algebra/Amari/.worktrees/core-w02/target/d07-baseline/w02/stable/x86_64-unknown-linux-gnu/debug/deps/libdashu_float-9e4420ba297f2881.rmeta --extern num_traits=/home/lucien/working/industrial-algebra/Amari/.worktrees/core-w02/target/d07-baseline/w02/stable/x86_64-unknown-linux-gnu/debug/deps/libnum_traits-f9d5cacd31834e60.rmeta --extern proptest=/home/lucien/working/industrial-algebra/Amari/.worktrees/core-w02/target/d07-baseline/w02/stable/x86_64-unknown-linux-gnu/debug/deps/libproptest-9b2a568a912dd125.rmeta --extern rand=/home/lucien/working/industrial-algebra/Amari/.worktrees/core-w02/target/d07-baseline/w02/stable/x86_64-unknown-linux-gnu/debug/deps/librand-7ff54d68f80de39b.rmeta --extern thiserror=/home/lucien/working/industrial-algebra/Amari/.worktrees/core-w02/target/d07-baseline/w02/stable/x86_64-unknown-linux-gnu/debug/deps/libthiserror-30877479c1deaf5b.rmeta -C target-cpu=x86-64 -C target-feature=-avx2 -L native=/home/lucien/working/industrial-algebra/Amari/.worktrees/core-w02/target/d07-baseline/w02/stable/x86_64-unknown-linux-gnu/debug/build/alloca-54b410b450f8e00a/out`
     Running `CARGO=/home/lucien/.rustup/toolchains/stable-x86_64-unknown-linux-gnu/bin/cargo CARGO_CRATE_NAME=products CARGO_MANIFEST_DIR=/home/lucien/working/industrial-algebra/Amari/.worktrees/core-w02/amari-core CARGO_MANIFEST_PATH=/home/lucien/working/industrial-algebra/Amari/.worktrees/core-w02/amari-core/Cargo.toml CARGO_PKG_AUTHORS='Amari Contributors' CARGO_PKG_DESCRIPTION='Core geometric algebra and mathematical structures' CARGO_PKG_HOMEPAGE='https://github.com/justinelliottcobb/Amari' CARGO_PKG_LICENSE='MIT OR Apache-2.0' CARGO_PKG_LICENSE_FILE='' CARGO_PKG_NAME=amari-core CARGO_PKG_README=README.md CARGO_PKG_REPOSITORY='https://github.com/justinelliottcobb/Amari' CARGO_PKG_RUST_VERSION='' CARGO_PKG_VERSION=0.24.1 CARGO_PKG_VERSION_MAJOR=0 CARGO_PKG_VERSION_MINOR=24 CARGO_PKG_VERSION_PATCH=1 CARGO_PKG_VERSION_PRE='' CARGO_PRIMARY_PACKAGE=1 CARGO_TARGET_TMPDIR=/home/lucien/working/industrial-algebra/Amari/.worktrees/core-w02/target/d07-baseline/w02/stable/x86_64-unknown-linux-gnu/tmp LD_LIBRARY_PATH='/home/lucien/working/industrial-algebra/Amari/.worktrees/core-w02/target/d07-baseline/w02/stable/debug/deps:/nix/store/b2swxfi8srrbsafvh9iyyhd26mz9giwf-zlib-1.3.2/lib:/home/lucien/.rustup/toolchains/stable-x86_64-unknown-linux-gnu/lib:LESSKEYIN_SYSTEM=/nix/store/6xdm6iz0jqclwca8za10lg6jhb8ifqwd-lessconfig' /home/lucien/.rustup/toolchains/stable-x86_64-unknown-linux-gnu/bin/clippy-driver /home/lucien/.rustup/toolchains/stable-x86_64-unknown-linux-gnu/bin/rustc --crate-name products --edition=2021 amari-core/tests/products.rs --error-format=json --json=diagnostic-rendered-ansi,artifacts,future-incompat --emit=dep-info,metadata -C embed-bitcode=no -C debuginfo=2 --test --cfg 'feature="default"' --cfg 'feature="gf2"' --cfg 'feature="high-precision"' --cfg 'feature="phantom-types"' --cfg 'feature="std"' --check-cfg 'cfg(docsrs,test)' --check-cfg 'cfg(feature, values("creusot-contracts", "default", "formal-verification", "full-precision", "gf2", "high-precision", "native-precision", "parallel", "phantom-types", "rayon", "serde", "serialize", "std", "wasm-precision"))' -C metadata=3f4e190546475e1d -C extra-filename=-6e099f43ce34ea14 --out-dir /home/lucien/working/industrial-algebra/Amari/.worktrees/core-w02/target/d07-baseline/w02/stable/x86_64-unknown-linux-gnu/debug/deps --target x86_64-unknown-linux-gnu -C incremental=/home/lucien/working/industrial-algebra/Amari/.worktrees/core-w02/target/d07-baseline/w02/stable/x86_64-unknown-linux-gnu/debug/incremental -L dependency=/home/lucien/working/industrial-algebra/Amari/.worktrees/core-w02/target/d07-baseline/w02/stable/x86_64-unknown-linux-gnu/debug/deps -L dependency=/home/lucien/working/industrial-algebra/Amari/.worktrees/core-w02/target/d07-baseline/w02/stable/debug/deps --extern amari_core=/home/lucien/working/industrial-algebra/Amari/.worktrees/core-w02/target/d07-baseline/w02/stable/x86_64-unknown-linux-gnu/debug/deps/libamari_core-11e8abec7248ae1b.rmeta --extern approx=/home/lucien/working/industrial-algebra/Amari/.worktrees/core-w02/target/d07-baseline/w02/stable/x86_64-unknown-linux-gnu/debug/deps/libapprox-ce7b113927a6c94d.rmeta --extern bytemuck=/home/lucien/working/industrial-algebra/Amari/.worktrees/core-w02/target/d07-baseline/w02/stable/x86_64-unknown-linux-gnu/debug/deps/libbytemuck-0070e1989226b525.rmeta --extern criterion=/home/lucien/working/industrial-algebra/Amari/.worktrees/core-w02/target/d07-baseline/w02/stable/x86_64-unknown-linux-gnu/debug/deps/libcriterion-2de353060dd29a5b.rmeta --extern dashu_float=/home/lucien/working/industrial-algebra/Amari/.worktrees/core-w02/target/d07-baseline/w02/stable/x86_64-unknown-linux-gnu/debug/deps/libdashu_float-9e4420ba297f2881.rmeta --extern num_traits=/home/lucien/working/industrial-algebra/Amari/.worktrees/core-w02/target/d07-baseline/w02/stable/x86_64-unknown-linux-gnu/debug/deps/libnum_traits-f9d5cacd31834e60.rmeta --extern proptest=/home/lucien/working/industrial-algebra/Amari/.worktrees/core-w02/target/d07-baseline/w02/stable/x86_64-unknown-linux-gnu/debug/deps/libproptest-9b2a568a912dd125.rmeta --extern rand=/home/lucien/working/industrial-algebra/Amari/.worktrees/core-w02/target/d07-baseline/w02/stable/x86_64-unknown-linux-gnu/debug/deps/librand-7ff54d68f80de39b.rmeta --extern thiserror=/home/lucien/working/industrial-algebra/Amari/.worktrees/core-w02/target/d07-baseline/w02/stable/x86_64-unknown-linux-gnu/debug/deps/libthiserror-30877479c1deaf5b.rmeta -C target-cpu=x86-64 -C target-feature=-avx2 -L native=/home/lucien/working/industrial-algebra/Amari/.worktrees/core-w02/target/d07-baseline/w02/stable/x86_64-unknown-linux-gnu/debug/build/alloca-54b410b450f8e00a/out`
     Running `CARGO=/home/lucien/.rustup/toolchains/stable-x86_64-unknown-linux-gnu/bin/cargo CARGO_CRATE_NAME=arithmetic_regressions CARGO_MANIFEST_DIR=/home/lucien/working/industrial-algebra/Amari/.worktrees/core-w02/amari-core CARGO_MANIFEST_PATH=/home/lucien/working/industrial-algebra/Amari/.worktrees/core-w02/amari-core/Cargo.toml CARGO_PKG_AUTHORS='Amari Contributors' CARGO_PKG_DESCRIPTION='Core geometric algebra and mathematical structures' CARGO_PKG_HOMEPAGE='https://github.com/justinelliottcobb/Amari' CARGO_PKG_LICENSE='MIT OR Apache-2.0' CARGO_PKG_LICENSE_FILE='' CARGO_PKG_NAME=amari-core CARGO_PKG_README=README.md CARGO_PKG_REPOSITORY='https://github.com/justinelliottcobb/Amari' CARGO_PKG_RUST_VERSION='' CARGO_PKG_VERSION=0.24.1 CARGO_PKG_VERSION_MAJOR=0 CARGO_PKG_VERSION_MINOR=24 CARGO_PKG_VERSION_PATCH=1 CARGO_PKG_VERSION_PRE='' CARGO_PRIMARY_PACKAGE=1 CARGO_TARGET_TMPDIR=/home/lucien/working/industrial-algebra/Amari/.worktrees/core-w02/target/d07-baseline/w02/stable/x86_64-unknown-linux-gnu/tmp LD_LIBRARY_PATH='/home/lucien/working/industrial-algebra/Amari/.worktrees/core-w02/target/d07-baseline/w02/stable/debug/deps:/nix/store/b2swxfi8srrbsafvh9iyyhd26mz9giwf-zlib-1.3.2/lib:/home/lucien/.rustup/toolchains/stable-x86_64-unknown-linux-gnu/lib:LESSKEYIN_SYSTEM=/nix/store/6xdm6iz0jqclwca8za10lg6jhb8ifqwd-lessconfig' /home/lucien/.rustup/toolchains/stable-x86_64-unknown-linux-gnu/bin/clippy-driver /home/lucien/.rustup/toolchains/stable-x86_64-unknown-linux-gnu/bin/rustc --crate-name arithmetic_regressions --edition=2021 amari-core/tests/arithmetic_regressions.rs --error-format=json --json=diagnostic-rendered-ansi,artifacts,future-incompat --emit=dep-info,metadata -C embed-bitcode=no -C debuginfo=2 --test --cfg 'feature="default"' --cfg 'feature="gf2"' --cfg 'feature="high-precision"' --cfg 'feature="phantom-types"' --cfg 'feature="std"' --check-cfg 'cfg(docsrs,test)' --check-cfg 'cfg(feature, values("creusot-contracts", "default", "formal-verification", "full-precision", "gf2", "high-precision", "native-precision", "parallel", "phantom-types", "rayon", "serde", "serialize", "std", "wasm-precision"))' -C metadata=a0604bbc1643ea2c -C extra-filename=-09900d014441aacb --out-dir /home/lucien/working/industrial-algebra/Amari/.worktrees/core-w02/target/d07-baseline/w02/stable/x86_64-unknown-linux-gnu/debug/deps --target x86_64-unknown-linux-gnu -C incremental=/home/lucien/working/industrial-algebra/Amari/.worktrees/core-w02/target/d07-baseline/w02/stable/x86_64-unknown-linux-gnu/debug/incremental -L dependency=/home/lucien/working/industrial-algebra/Amari/.worktrees/core-w02/target/d07-baseline/w02/stable/x86_64-unknown-linux-gnu/debug/deps -L dependency=/home/lucien/working/industrial-algebra/Amari/.worktrees/core-w02/target/d07-baseline/w02/stable/debug/deps --extern amari_core=/home/lucien/working/industrial-algebra/Amari/.worktrees/core-w02/target/d07-baseline/w02/stable/x86_64-unknown-linux-gnu/debug/deps/libamari_core-11e8abec7248ae1b.rmeta --extern approx=/home/lucien/working/industrial-algebra/Amari/.worktrees/core-w02/target/d07-baseline/w02/stable/x86_64-unknown-linux-gnu/debug/deps/libapprox-ce7b113927a6c94d.rmeta --extern bytemuck=/home/lucien/working/industrial-algebra/Amari/.worktrees/core-w02/target/d07-baseline/w02/stable/x86_64-unknown-linux-gnu/debug/deps/libbytemuck-0070e1989226b525.rmeta --extern criterion=/home/lucien/working/industrial-algebra/Amari/.worktrees/core-w02/target/d07-baseline/w02/stable/x86_64-unknown-linux-gnu/debug/deps/libcriterion-2de353060dd29a5b.rmeta --extern dashu_float=/home/lucien/working/industrial-algebra/Amari/.worktrees/core-w02/target/d07-baseline/w02/stable/x86_64-unknown-linux-gnu/debug/deps/libdashu_float-9e4420ba297f2881.rmeta --extern num_traits=/home/lucien/working/industrial-algebra/Amari/.worktrees/core-w02/target/d07-baseline/w02/stable/x86_64-unknown-linux-gnu/debug/deps/libnum_traits-f9d5cacd31834e60.rmeta --extern proptest=/home/lucien/working/industrial-algebra/Amari/.worktrees/core-w02/target/d07-baseline/w02/stable/x86_64-unknown-linux-gnu/debug/deps/libproptest-9b2a568a912dd125.rmeta --extern rand=/home/lucien/working/industrial-algebra/Amari/.worktrees/core-w02/target/d07-baseline/w02/stable/x86_64-unknown-linux-gnu/debug/deps/librand-7ff54d68f80de39b.rmeta --extern thiserror=/home/lucien/working/industrial-algebra/Amari/.worktrees/core-w02/target/d07-baseline/w02/stable/x86_64-unknown-linux-gnu/debug/deps/libthiserror-30877479c1deaf5b.rmeta -C target-cpu=x86-64 -C target-feature=-avx2 -L native=/home/lucien/working/industrial-algebra/Amari/.worktrees/core-w02/target/d07-baseline/w02/stable/x86_64-unknown-linux-gnu/debug/build/alloca-54b410b450f8e00a/out`
     Running `CARGO=/home/lucien/.rustup/toolchains/stable-x86_64-unknown-linux-gnu/bin/cargo CARGO_CRATE_NAME=numerical_contracts CARGO_MANIFEST_DIR=/home/lucien/working/industrial-algebra/Amari/.worktrees/core-w02/amari-core CARGO_MANIFEST_PATH=/home/lucien/working/industrial-algebra/Amari/.worktrees/core-w02/amari-core/Cargo.toml CARGO_PKG_AUTHORS='Amari Contributors' CARGO_PKG_DESCRIPTION='Core geometric algebra and mathematical structures' CARGO_PKG_HOMEPAGE='https://github.com/justinelliottcobb/Amari' CARGO_PKG_LICENSE='MIT OR Apache-2.0' CARGO_PKG_LICENSE_FILE='' CARGO_PKG_NAME=amari-core CARGO_PKG_README=README.md CARGO_PKG_REPOSITORY='https://github.com/justinelliottcobb/Amari' CARGO_PKG_RUST_VERSION='' CARGO_PKG_VERSION=0.24.1 CARGO_PKG_VERSION_MAJOR=0 CARGO_PKG_VERSION_MINOR=24 CARGO_PKG_VERSION_PATCH=1 CARGO_PKG_VERSION_PRE='' CARGO_PRIMARY_PACKAGE=1 CARGO_TARGET_TMPDIR=/home/lucien/working/industrial-algebra/Amari/.worktrees/core-w02/target/d07-baseline/w02/stable/x86_64-unknown-linux-gnu/tmp LD_LIBRARY_PATH='/home/lucien/working/industrial-algebra/Amari/.worktrees/core-w02/target/d07-baseline/w02/stable/debug/deps:/nix/store/b2swxfi8srrbsafvh9iyyhd26mz9giwf-zlib-1.3.2/lib:/home/lucien/.rustup/toolchains/stable-x86_64-unknown-linux-gnu/lib:LESSKEYIN_SYSTEM=/nix/store/6xdm6iz0jqclwca8za10lg6jhb8ifqwd-lessconfig' /home/lucien/.rustup/toolchains/stable-x86_64-unknown-linux-gnu/bin/clippy-driver /home/lucien/.rustup/toolchains/stable-x86_64-unknown-linux-gnu/bin/rustc --crate-name numerical_contracts --edition=2021 amari-core/tests/numerical_contracts.rs --error-format=json --json=diagnostic-rendered-ansi,artifacts,future-incompat --emit=dep-info,metadata -C embed-bitcode=no -C debuginfo=2 --test --cfg 'feature="default"' --cfg 'feature="gf2"' --cfg 'feature="high-precision"' --cfg 'feature="phantom-types"' --cfg 'feature="std"' --check-cfg 'cfg(docsrs,test)' --check-cfg 'cfg(feature, values("creusot-contracts", "default", "formal-verification", "full-precision", "gf2", "high-precision", "native-precision", "parallel", "phantom-types", "rayon", "serde", "serialize", "std", "wasm-precision"))' -C metadata=51970b8d422f7b90 -C extra-filename=-bc0a5c1894eac7d7 --out-dir /home/lucien/working/industrial-algebra/Amari/.worktrees/core-w02/target/d07-baseline/w02/stable/x86_64-unknown-linux-gnu/debug/deps --target x86_64-unknown-linux-gnu -C incremental=/home/lucien/working/industrial-algebra/Amari/.worktrees/core-w02/target/d07-baseline/w02/stable/x86_64-unknown-linux-gnu/debug/incremental -L dependency=/home/lucien/working/industrial-algebra/Amari/.worktrees/core-w02/target/d07-baseline/w02/stable/x86_64-unknown-linux-gnu/debug/deps -L dependency=/home/lucien/working/industrial-algebra/Amari/.worktrees/core-w02/target/d07-baseline/w02/stable/debug/deps --extern amari_core=/home/lucien/working/industrial-algebra/Amari/.worktrees/core-w02/target/d07-baseline/w02/stable/x86_64-unknown-linux-gnu/debug/deps/libamari_core-11e8abec7248ae1b.rmeta --extern approx=/home/lucien/working/industrial-algebra/Amari/.worktrees/core-w02/target/d07-baseline/w02/stable/x86_64-unknown-linux-gnu/debug/deps/libapprox-ce7b113927a6c94d.rmeta --extern bytemuck=/home/lucien/working/industrial-algebra/Amari/.worktrees/core-w02/target/d07-baseline/w02/stable/x86_64-unknown-linux-gnu/debug/deps/libbytemuck-0070e1989226b525.rmeta --extern criterion=/home/lucien/working/industrial-algebra/Amari/.worktrees/core-w02/target/d07-baseline/w02/stable/x86_64-unknown-linux-gnu/debug/deps/libcriterion-2de353060dd29a5b.rmeta --extern dashu_float=/home/lucien/working/industrial-algebra/Amari/.worktrees/core-w02/target/d07-baseline/w02/stable/x86_64-unknown-linux-gnu/debug/deps/libdashu_float-9e4420ba297f2881.rmeta --extern num_traits=/home/lucien/working/industrial-algebra/Amari/.worktrees/core-w02/target/d07-baseline/w02/stable/x86_64-unknown-linux-gnu/debug/deps/libnum_traits-f9d5cacd31834e60.rmeta --extern proptest=/home/lucien/working/industrial-algebra/Amari/.worktrees/core-w02/target/d07-baseline/w02/stable/x86_64-unknown-linux-gnu/debug/deps/libproptest-9b2a568a912dd125.rmeta --extern rand=/home/lucien/working/industrial-algebra/Amari/.worktrees/core-w02/target/d07-baseline/w02/stable/x86_64-unknown-linux-gnu/debug/deps/librand-7ff54d68f80de39b.rmeta --extern thiserror=/home/lucien/working/industrial-algebra/Amari/.worktrees/core-w02/target/d07-baseline/w02/stable/x86_64-unknown-linux-gnu/debug/deps/libthiserror-30877479c1deaf5b.rmeta -C target-cpu=x86-64 -C target-feature=-avx2 -L native=/home/lucien/working/industrial-algebra/Amari/.worktrees/core-w02/target/d07-baseline/w02/stable/x86_64-unknown-linux-gnu/debug/build/alloca-54b410b450f8e00a/out`
     Running `CARGO=/home/lucien/.rustup/toolchains/stable-x86_64-unknown-linux-gnu/bin/cargo CARGO_BIN_NAME=basic CARGO_CRATE_NAME=basic CARGO_MANIFEST_DIR=/home/lucien/working/industrial-algebra/Amari/.worktrees/core-w02/amari-core CARGO_MANIFEST_PATH=/home/lucien/working/industrial-algebra/Amari/.worktrees/core-w02/amari-core/Cargo.toml CARGO_PKG_AUTHORS='Amari Contributors' CARGO_PKG_DESCRIPTION='Core geometric algebra and mathematical structures' CARGO_PKG_HOMEPAGE='https://github.com/justinelliottcobb/Amari' CARGO_PKG_LICENSE='MIT OR Apache-2.0' CARGO_PKG_LICENSE_FILE='' CARGO_PKG_NAME=amari-core CARGO_PKG_README=README.md CARGO_PKG_REPOSITORY='https://github.com/justinelliottcobb/Amari' CARGO_PKG_RUST_VERSION='' CARGO_PKG_VERSION=0.24.1 CARGO_PKG_VERSION_MAJOR=0 CARGO_PKG_VERSION_MINOR=24 CARGO_PKG_VERSION_PATCH=1 CARGO_PKG_VERSION_PRE='' CARGO_PRIMARY_PACKAGE=1 LD_LIBRARY_PATH='/home/lucien/working/industrial-algebra/Amari/.worktrees/core-w02/target/d07-baseline/w02/stable/debug/deps:/nix/store/b2swxfi8srrbsafvh9iyyhd26mz9giwf-zlib-1.3.2/lib:/home/lucien/.rustup/toolchains/stable-x86_64-unknown-linux-gnu/lib:LESSKEYIN_SYSTEM=/nix/store/6xdm6iz0jqclwca8za10lg6jhb8ifqwd-lessconfig' /home/lucien/.rustup/toolchains/stable-x86_64-unknown-linux-gnu/bin/clippy-driver /home/lucien/.rustup/toolchains/stable-x86_64-unknown-linux-gnu/bin/rustc --crate-name basic --edition=2021 amari-core/examples/basic.rs --error-format=json --json=diagnostic-rendered-ansi,artifacts,future-incompat --crate-type bin --emit=dep-info,metadata -C embed-bitcode=no -C debuginfo=2 --cfg 'feature="default"' --cfg 'feature="gf2"' --cfg 'feature="high-precision"' --cfg 'feature="phantom-types"' --cfg 'feature="std"' --check-cfg 'cfg(docsrs,test)' --check-cfg 'cfg(feature, values("creusot-contracts", "default", "formal-verification", "full-precision", "gf2", "high-precision", "native-precision", "parallel", "phantom-types", "rayon", "serde", "serialize", "std", "wasm-precision"))' -C metadata=3361a07aaf1fd184 -C extra-filename=-bafe993bcea588e4 --out-dir /home/lucien/working/industrial-algebra/Amari/.worktrees/core-w02/target/d07-baseline/w02/stable/x86_64-unknown-linux-gnu/debug/examples --target x86_64-unknown-linux-gnu -C incremental=/home/lucien/working/industrial-algebra/Amari/.worktrees/core-w02/target/d07-baseline/w02/stable/x86_64-unknown-linux-gnu/debug/incremental -L dependency=/home/lucien/working/industrial-algebra/Amari/.worktrees/core-w02/target/d07-baseline/w02/stable/x86_64-unknown-linux-gnu/debug/deps -L dependency=/home/lucien/working/industrial-algebra/Amari/.worktrees/core-w02/target/d07-baseline/w02/stable/debug/deps --extern amari_core=/home/lucien/working/industrial-algebra/Amari/.worktrees/core-w02/target/d07-baseline/w02/stable/x86_64-unknown-linux-gnu/debug/deps/libamari_core-11e8abec7248ae1b.rmeta --extern approx=/home/lucien/working/industrial-algebra/Amari/.worktrees/core-w02/target/d07-baseline/w02/stable/x86_64-unknown-linux-gnu/debug/deps/libapprox-ce7b113927a6c94d.rmeta --extern bytemuck=/home/lucien/working/industrial-algebra/Amari/.worktrees/core-w02/target/d07-baseline/w02/stable/x86_64-unknown-linux-gnu/debug/deps/libbytemuck-0070e1989226b525.rmeta --extern criterion=/home/lucien/working/industrial-algebra/Amari/.worktrees/core-w02/target/d07-baseline/w02/stable/x86_64-unknown-linux-gnu/debug/deps/libcriterion-2de353060dd29a5b.rmeta --extern dashu_float=/home/lucien/working/industrial-algebra/Amari/.worktrees/core-w02/target/d07-baseline/w02/stable/x86_64-unknown-linux-gnu/debug/deps/libdashu_float-9e4420ba297f2881.rmeta --extern num_traits=/home/lucien/working/industrial-algebra/Amari/.worktrees/core-w02/target/d07-baseline/w02/stable/x86_64-unknown-linux-gnu/debug/deps/libnum_traits-f9d5cacd31834e60.rmeta --extern proptest=/home/lucien/working/industrial-algebra/Amari/.worktrees/core-w02/target/d07-baseline/w02/stable/x86_64-unknown-linux-gnu/debug/deps/libproptest-9b2a568a912dd125.rmeta --extern rand=/home/lucien/working/industrial-algebra/Amari/.worktrees/core-w02/target/d07-baseline/w02/stable/x86_64-unknown-linux-gnu/debug/deps/librand-7ff54d68f80de39b.rmeta --extern thiserror=/home/lucien/working/industrial-algebra/Amari/.worktrees/core-w02/target/d07-baseline/w02/stable/x86_64-unknown-linux-gnu/debug/deps/libthiserror-30877479c1deaf5b.rmeta -C target-cpu=x86-64 -C target-feature=-avx2 -L native=/home/lucien/working/industrial-algebra/Amari/.worktrees/core-w02/target/d07-baseline/w02/stable/x86_64-unknown-linux-gnu/debug/build/alloca-54b410b450f8e00a/out`
    Finished `dev` profile [unoptimized + debuginfo] target(s) in 0.37s
