       Fresh unicode-ident v1.0.26
       Fresh autocfg v1.5.1
       Fresh proc-macro2 v1.0.107
       Fresh static_assertions v1.1.0
       Fresh dashu-base v0.4.3
       Fresh num-modular v0.6.6
       Fresh cfg-if v1.0.5
       Fresh bytemuck v1.25.2
       Fresh quote v1.0.47
       Fresh rustversion v1.0.23
       Fresh syn v3.0.6
       Fresh num-traits v0.2.19
       Fresh thiserror-impl v2.0.21
       Fresh dashu-int v0.4.3
       Fresh approx v0.5.1
       Fresh thiserror v2.0.21
       Fresh dashu-float v0.4.5
 Documenting amari-core v0.24.1 (/home/lucien/working/industrial-algebra/Amari/.worktrees/core-w02/amari-core)
     Running `CARGO=/home/lucien/.rustup/toolchains/stable-x86_64-unknown-linux-gnu/bin/cargo CARGO_CRATE_NAME=amari_core CARGO_MANIFEST_DIR=/home/lucien/working/industrial-algebra/Amari/.worktrees/core-w02/amari-core CARGO_MANIFEST_PATH=/home/lucien/working/industrial-algebra/Amari/.worktrees/core-w02/amari-core/Cargo.toml CARGO_PKG_AUTHORS='Amari Contributors' CARGO_PKG_DESCRIPTION='Core geometric algebra and mathematical structures' CARGO_PKG_HOMEPAGE='https://github.com/justinelliottcobb/Amari' CARGO_PKG_LICENSE='MIT OR Apache-2.0' CARGO_PKG_LICENSE_FILE='' CARGO_PKG_NAME=amari-core CARGO_PKG_README=README.md CARGO_PKG_REPOSITORY='https://github.com/justinelliottcobb/Amari' CARGO_PKG_RUST_VERSION='' CARGO_PKG_VERSION=0.24.1 CARGO_PKG_VERSION_MAJOR=0 CARGO_PKG_VERSION_MINOR=24 CARGO_PKG_VERSION_PATCH=1 CARGO_PKG_VERSION_PRE='' LD_LIBRARY_PATH='/home/lucien/working/industrial-algebra/Amari/.worktrees/core-w02/target/d07-baseline/w02/stable/debug/deps:/home/lucien/.rustup/toolchains/stable-x86_64-unknown-linux-gnu/lib:/nix/store/b2swxfi8srrbsafvh9iyyhd26mz9giwf-zlib-1.3.2/lib' /home/lucien/.rustup/toolchains/stable-x86_64-unknown-linux-gnu/bin/rustdoc --edition=2021 --crate-type lib --crate-name amari_core amari-core/src/lib.rs --target x86_64-unknown-linux-gnu -o /home/lucien/working/industrial-algebra/Amari/.worktrees/core-w02/target/d07-baseline/w02/stable/x86_64-unknown-linux-gnu/doc --cfg 'feature="default"' --cfg 'feature="gf2"' --cfg 'feature="high-precision"' --cfg 'feature="phantom-types"' --cfg 'feature="std"' --check-cfg 'cfg(docsrs,test)' --check-cfg 'cfg(feature, values("creusot-contracts", "default", "formal-verification", "full-precision", "gf2", "high-precision", "native-precision", "parallel", "phantom-types", "rayon", "serde", "serialize", "std", "wasm-precision"))' --error-format=json --json=diagnostic-rendered-ansi,artifacts,future-incompat -C metadata=2b9bc39d30538a2e -L dependency=/home/lucien/working/industrial-algebra/Amari/.worktrees/core-w02/target/d07-baseline/w02/stable/x86_64-unknown-linux-gnu/debug/deps -L dependency=/home/lucien/working/industrial-algebra/Amari/.worktrees/core-w02/target/d07-baseline/w02/stable/debug/deps --extern approx=/home/lucien/working/industrial-algebra/Amari/.worktrees/core-w02/target/d07-baseline/w02/stable/x86_64-unknown-linux-gnu/debug/deps/libapprox-ce7b113927a6c94d.rmeta --extern bytemuck=/home/lucien/working/industrial-algebra/Amari/.worktrees/core-w02/target/d07-baseline/w02/stable/x86_64-unknown-linux-gnu/debug/deps/libbytemuck-0070e1989226b525.rmeta --extern dashu_float=/home/lucien/working/industrial-algebra/Amari/.worktrees/core-w02/target/d07-baseline/w02/stable/x86_64-unknown-linux-gnu/debug/deps/libdashu_float-9e4420ba297f2881.rmeta --extern num_traits=/home/lucien/working/industrial-algebra/Amari/.worktrees/core-w02/target/d07-baseline/w02/stable/x86_64-unknown-linux-gnu/debug/deps/libnum_traits-f9d5cacd31834e60.rmeta --extern thiserror=/home/lucien/working/industrial-algebra/Amari/.worktrees/core-w02/target/d07-baseline/w02/stable/x86_64-unknown-linux-gnu/debug/deps/libthiserror-30877479c1deaf5b.rmeta --crate-version 0.24.1`
    Finished `dev` profile [unoptimized + debuginfo] target(s) in 0.40s
   Generated /home/lucien/working/industrial-algebra/Amari/.worktrees/core-w02/target/d07-baseline/w02/stable/x86_64-unknown-linux-gnu/doc/amari_core/index.html
