    Checking amari v0.24.1 (/home/lucien/working/industrial-algebra/Amari/.worktrees/core-w02)
    Checking amari-dynamics v0.24.1 (/home/lucien/working/industrial-algebra/Amari/.worktrees/core-w02/amari-dynamics)
    Checking amari-functional v0.24.1 (/home/lucien/working/industrial-algebra/Amari/.worktrees/core-w02/amari-functional)
    Checking amari-topology v0.24.1 (/home/lucien/working/industrial-algebra/Amari/.worktrees/core-w02/amari-topology)
    Checking amari-discovery v0.24.1 (/home/lucien/working/industrial-algebra/Amari/.worktrees/core-w02/amari-discovery)
    Checking amari-wasm v0.24.1 (/home/lucien/working/industrial-algebra/Amari/.worktrees/core-w02/amari-wasm)
    Checking amari-gpu v0.24.1 (/home/lucien/working/industrial-algebra/Amari/.worktrees/core-w02/amari-gpu)
error: unused imports: `RewriteGuidance` and `RewriteSearchMode`
 --> amari-discovery/tests/probe_rewrite_inverse_search.rs:8:39
  |
8 |     RewriteBidirectionalSearchOutput, RewriteGuidance, RewriteSearchMode, RewriteTerm,
  |                                       ^^^^^^^^^^^^^^^  ^^^^^^^^^^^^^^^^^
  |
  = note: `-D unused-imports` implied by `-D warnings`
  = help: to override `-D warnings` add `#[allow(unused_imports)]`

error: variable does not need to be mutable
   --> amari-discovery/tests/probe_rewrite_inverse_search.rs:195:9
    |
195 |     let mut bad = backward_request(json!({"kind": "heuristic_pruning", "beam_width": 0}));
    |         ----^^^
    |         |
    |         help: remove this `mut`
    |
    = note: `-D unused-mut` implied by `-D warnings`
    = help: to override `-D warnings` add `#[allow(unused_mut)]`

error: function `var` is never used
  --> amari-discovery/tests/probe_rewrite_inverse_search.rs:15:4
   |
15 | fn var(name: &str) -> RewriteTerm {
   |    ^^^
   |
   = note: `-D dead-code` implied by `-D warnings`
   = help: to override `-D warnings` add `#[expect(dead_code)]` or `#[allow(dead_code)]`

error: could not compile `amari-discovery` (test "probe_rewrite_inverse_search") due to 3 previous errors
warning: build failed, waiting for other jobs to finish...
