    Checking tinytemplate v1.2.1
    Checking toml_datetime v0.6.11
    Checking serde_spanned v0.6.9
    Checking amari-dual v0.24.1 (/home/lucien/working/industrial-algebra/Amari/.worktrees/core-w02/amari-dual)
    Checking schemars v1.2.2
    Checking ciborium v0.2.2
    Checking simba v0.10.2
    Checking amari-holographic v0.24.1 (/home/lucien/working/industrial-algebra/Amari/.worktrees/core-w02/amari-holographic)
    Checking futures-executor v0.3.34
    Checking amari-enumerative v0.24.1 (/home/lucien/working/industrial-algebra/Amari/.worktrees/core-w02/amari-enumerative)
    Checking wgpu-hal v0.19.5
   Compiling wasm-bindgen-macro v0.2.129
    Checking trybuild v1.0.122
    Checking amari-rewrite v0.24.1 (/home/lucien/working/industrial-algebra/Amari/.worktrees/core-w02/amari-rewrite)
warning: unused import: `RewriteResidual`
  --> amari-rewrite/tests/residual_roundtrip.rs:10:49
   |
10 | use amari_rewrite::reversible::{ReversibleStep, RewriteResidual};
   |                                                 ^^^^^^^^^^^^^^^
   |
   = note: `#[warn(unused_imports)]` (part of `#[warn(unused)]`) on by default

    Checking futures v0.3.34
warning: unused imports: `GuidanceMode`, `ReplayCertificate`, `ReplayQuery`, and `ResourceObservation`
 --> amari-rewrite/tests/inverse_remediation.rs:6:5
  |
6 |     GuidanceMode, InverseSearchConfig, ReplayCertificate, ReplayQuery, ResourceObservation,
  |     ^^^^^^^^^^^^                       ^^^^^^^^^^^^^^^^^  ^^^^^^^^^^^  ^^^^^^^^^^^^^^^^^^^
  |
  = note: `#[warn(unused_imports)]` (part of `#[warn(unused)]`) on by default

    Checking toml_edit v0.22.27
warning: `amari-rewrite` (test "residual_roundtrip") generated 1 warning (run `cargo fix --test "residual_roundtrip" -p amari-rewrite` to apply 1 suggestion)
warning: `amari-rewrite` (test "inverse_remediation") generated 1 warning (run `cargo fix --test "inverse_remediation" -p amari-rewrite` to apply 1 suggestion)
warning: unused import: `Sha256Digest`
  --> amari-rewrite/tests/relation_grounding.rs:11:85
   |
11 |     ConstraintSet, GroundingDomain, GroundingOutcome, RankedSymbol, RelationLimits, Sha256Digest,
   |                                                                                     ^^^^^^^^^^^^
   |
   = note: `#[warn(unused_imports)]` (part of `#[warn(unused)]`) on by default

warning: unused import: `Substitution`
  --> amari-rewrite/tests/relation_grounding.rs:14:32
   |
14 | use amari_rewrite::trs::{Rule, Substitution, Term, TermSystem};
   |                                ^^^^^^^^^^^^

    Checking amari-optimization v0.24.1 (/home/lucien/working/industrial-algebra/Amari/.worktrees/core-w02/amari-optimization)
    Checking amari-measure v0.24.1 (/home/lucien/working/industrial-algebra/Amari/.worktrees/core-w02/amari-measure)
    Checking amari-fusion v0.24.1 (/home/lucien/working/industrial-algebra/Amari/.worktrees/core-w02/amari-fusion)
    Checking amari-automata v0.24.1 (/home/lucien/working/industrial-algebra/Amari/.worktrees/core-w02/amari-automata)
warning: `amari-rewrite` (test "relation_grounding") generated 2 warnings (run `cargo fix --test "relation_grounding" -p amari-rewrite` to apply 2 suggestions)
    Checking wasm-bindgen v0.2.129
warning: unused import: `PreimageCertificate`
  --> amari-rewrite/tests/saturation_preimage.rs:13:48
   |
13 |     saturation_preimage, CertificateAuthority, PreimageCertificate, PreimageConstruction,
   |                                                ^^^^^^^^^^^^^^^^^^^
   |
   = note: `#[warn(unused_imports)]` (part of `#[warn(unused)]`) on by default

    Checking criterion v0.8.2
warning: `amari-rewrite` (test "saturation_preimage") generated 1 warning (run `cargo fix --test "saturation_preimage" -p amari-rewrite` to apply 1 suggestion)
error[E0599]: no method named `norm` found for struct `Multivector<P, Q, R>` in the current scope
   --> amari-fusion/src/types.rs:123:48
    |
123 |         let clifford_norm = self.clifford_repr.norm();
    |                                                ^^^^ method not found in `Multivector<DIM, 0, 0>`

error[E0308]: mismatched types
   --> amari-fusion/src/types.rs:124:25
    |
105 | impl<T: Float, const DIM: usize> TropicalDualClifford<T, DIM> {
    |      - expected this type parameter
...
124 |         clifford_norm < 1e-10
    |                         ^^^^^ expected type parameter `T`, found floating-point number
    |
    = note: expected type parameter `T`
                         found type `{float}`

error[E0599]: no method named `magnitude` found for reference `&Multivector<P, Q, R>` in the current scope
   --> amari-automata/src/geometric_ca.rs:427:42
    |
427 |         self.grid.iter().map(|cell| cell.magnitude().powi(2)).sum()
    |                                          ^^^^^^^^^
    |
help: there is a method `grade_magnitude` with a similar name, but with different arguments
   --> amari-core/src/lib.rs:446:5
    |
446 |     pub fn grade_magnitude(&self, grade: usize) -> f64 {
    |     ^^^^^^^^^^^^^^^^^^^^^^^^^^^^^^^^^^^^^^^^^^^^^^^^^^

error[E0599]: no method named `magnitude` found for struct `Multivector<P, Q, R>` in the current scope
   --> amari-automata/src/geometric_ca.rs:461:48
    |
461 |                 let actual = if self.grid[idx].magnitude() > 0.5 {
    |                                                ^^^^^^^^^
    |
help: there is a method `grade_magnitude` with a similar name, but with different arguments
   --> amari-core/src/lib.rs:446:5
    |
446 |     pub fn grade_magnitude(&self, grade: usize) -> f64 {
    |     ^^^^^^^^^^^^^^^^^^^^^^^^^^^^^^^^^^^^^^^^^^^^^^^^^^

error[E0599]: no method named `norm` found for struct `Multivector<P, Q, R>` in the current scope
   --> amari-fusion/src/types.rs:426:51
    |
426 |         let clifford_dist = T::from(clifford_diff.norm()).unwrap_or(T::zero());
    |                                                   ^^^^ method not found in `Multivector<DIM, 0, 0>`

error[E0599]: no method named `magnitude` found for reference `&Multivector<P, Q, R>` in the current scope
   --> amari-automata/src/geometric_ca.rs:517:38
    |
517 |         self.grid.iter().map(|mv| mv.magnitude()).sum()
    |                                      ^^^^^^^^^
    |
help: there is a method `grade_magnitude` with a similar name, but with different arguments
   --> amari-core/src/lib.rs:446:5
    |
446 |     pub fn grade_magnitude(&self, grade: usize) -> f64 {
    |     ^^^^^^^^^^^^^^^^^^^^^^^^^^^^^^^^^^^^^^^^^^^^^^^^^^

error[E0599]: no method named `norm` found for struct `Multivector<P, Q, R>` in the current scope
   --> amari-fusion/src/types.rs:506:48
    |
506 |         let geometric_distance = clifford_diff.norm();
    |                                                ^^^^ method not found in `Multivector<DIM, 0, 0>`

error[E0599]: no method named `magnitude` found for reference `&&Multivector<P, Q, R>` in the current scope
   --> amari-automata/src/geometric_ca.rs:522:60
    |
522 |         let active_cells = self.grid.iter().filter(|mv| mv.magnitude() > 0.1).count();
    |                                                            ^^^^^^^^^
    |
help: there is a method `grade_magnitude` with a similar name, but with different arguments
   --> amari-core/src/lib.rs:446:5
    |
446 |     pub fn grade_magnitude(&self, grade: usize) -> f64 {
    |     ^^^^^^^^^^^^^^^^^^^^^^^^^^^^^^^^^^^^^^^^^^^^^^^^^^

error[E0599]: no method named `norm` found for struct `Multivector<P, Q, R>` in the current scope
   --> amari-fusion/src/types.rs:673:28
    |
673 |         self.clifford_repr.norm()
    |                            ^^^^ method not found in `Multivector<DIM, 0, 0>`

error[E0599]: no method named `magnitude` found for reference `&Multivector<P, Q, R>` in the current scope
   --> amari-automata/src/geometric_ca.rs:529:41
    |
529 |         if self.grid.iter().any(|mv| mv.magnitude() > 0.1) {
    |                                         ^^^^^^^^^
    |
help: there is a method `grade_magnitude` with a similar name, but with different arguments
   --> amari-core/src/lib.rs:446:5
    |
446 |     pub fn grade_magnitude(&self, grade: usize) -> f64 {
    |     ^^^^^^^^^^^^^^^^^^^^^^^^^^^^^^^^^^^^^^^^^^^^^^^^^^

error[E0599]: no method named `norm` found for struct `Multivector<P, Q, R>` in the current scope
   --> amari-fusion/src/types.rs:684:44
    |
684 |         let self_norm = self.clifford_repr.norm();
    |                                            ^^^^ method not found in `Multivector<DIM, 0, 0>`

error[E0599]: no method named `norm` found for struct `Multivector<P, Q, R>` in the current scope
   --> amari-fusion/src/types.rs:685:46
    |
685 |         let other_norm = other.clifford_repr.norm();
    |                                              ^^^^ method not found in `Multivector<DIM, 0, 0>`

error[E0308]: mismatched types
   --> amari-fusion/src/types.rs:687:24
    |
105 | impl<T: Float, const DIM: usize> TropicalDualClifford<T, DIM> {
    |      - expected this type parameter
...
687 |         if self_norm < 1e-10 || other_norm < 1e-10 {
    |                        ^^^^^ expected type parameter `T`, found floating-point number
    |
    = note: expected type parameter `T`
                         found type `{float}`

error[E0308]: mismatched types
   --> amari-fusion/src/types.rs:687:46
    |
105 | impl<T: Float, const DIM: usize> TropicalDualClifford<T, DIM> {
    |      - expected this type parameter
...
687 |         if self_norm < 1e-10 || other_norm < 1e-10 {
    |                                              ^^^^^ expected type parameter `T`, found floating-point number
    |
    = note: expected type parameter `T`
                         found type `{float}`

error[E0599]: no method named `magnitude` found for reference `&&Multivector<P, Q, R>` in the current scope
   --> amari-automata/src/geometric_ca.rs:704:68
    |
704 |                 let neighbor_count = neighbors.iter().filter(|n| n.magnitude() > 0.5).count();
    |                                                                    ^^^^^^^^^
    |
help: there is a method `grade_magnitude` with a similar name, but with different arguments
   --> amari-core/src/lib.rs:446:5
    |
446 |     pub fn grade_magnitude(&self, grade: usize) -> f64 {
    |     ^^^^^^^^^^^^^^^^^^^^^^^^^^^^^^^^^^^^^^^^^^^^^^^^^^

error[E0599]: no method named `magnitude` found for reference `&Multivector<P, Q, R>` in the current scope
   --> amari-automata/src/geometric_ca.rs:705:27
    |
705 |                 if center.magnitude() > 0.5 {
    |                           ^^^^^^^^^
    |
help: there is a method `grade_magnitude` with a similar name, but with different arguments
   --> amari-core/src/lib.rs:446:5
    |
446 |     pub fn grade_magnitude(&self, grade: usize) -> f64 {
    |     ^^^^^^^^^^^^^^^^^^^^^^^^^^^^^^^^^^^^^^^^^^^^^^^^^^

error[E0599]: no method named `magnitude` found for reference `&Multivector<P, Q, R>` in the current scope
   --> amari-automata/src/geometric_ca.rs:743:28
    |
743 |                     center.magnitude() + neighbors.iter().map(|n| n.magnitude()).sum::<f64>();
    |                            ^^^^^^^^^
    |
help: there is a method `grade_magnitude` with a similar name, but with different arguments
   --> amari-core/src/lib.rs:446:5
    |
446 |     pub fn grade_magnitude(&self, grade: usize) -> f64 {
    |     ^^^^^^^^^^^^^^^^^^^^^^^^^^^^^^^^^^^^^^^^^^^^^^^^^^

error[E0599]: no method named `magnitude` found for reference `&Multivector<P, Q, R>` in the current scope
   --> amari-automata/src/geometric_ca.rs:743:69
    |
743 |                     center.magnitude() + neighbors.iter().map(|n| n.magnitude()).sum::<f64>();
    |                                                                     ^^^^^^^^^
    |
help: there is a method `grade_magnitude` with a similar name, but with different arguments
   --> amari-core/src/lib.rs:446:5
    |
446 |     pub fn grade_magnitude(&self, grade: usize) -> f64 {
    |     ^^^^^^^^^^^^^^^^^^^^^^^^^^^^^^^^^^^^^^^^^^^^^^^^^^

error[E0599]: no method named `normalize` found for reference `&Multivector<P, Q, R>` in the current scope
   --> amari-automata/src/geometric_ca.rs:745:24
    |
745 |                 center.normalize().unwrap_or(Multivector::zero()) * avg_magnitude
    |                        ^^^^^^^^^ method not found in `&Multivector<P, Q, R>`

error[E0599]: no method named `magnitude` found for struct `Multivector<P, Q, R>` in the current scope
   --> amari-automata/src/geometric_ca.rs:757:49
    |
757 |                     if neighbor.bivector_part().magnitude() > 0.1 {
    |                                                 ^^^^^^^^^
    |
help: there is a method `grade_magnitude` with a similar name, but with different arguments
   --> amari-core/src/lib.rs:446:5
    |
446 |     pub fn grade_magnitude(&self, grade: usize) -> f64 {
    |     ^^^^^^^^^^^^^^^^^^^^^^^^^^^^^^^^^^^^^^^^^^^^^^^^^^

error[E0599]: no method named `norm` found for reference `&Multivector<DIM, 0, 0>` in the current scope
   --> amari-fusion/src/attention.rs:168:37
    |
168 |         let norm_product = query_mv.norm() * key_mv.norm();
    |                                     ^^^^ method not found in `&Multivector<DIM, 0, 0>`

error[E0599]: no method named `norm` found for reference `&Multivector<DIM, 0, 0>` in the current scope
   --> amari-fusion/src/attention.rs:168:53
    |
168 |         let norm_product = query_mv.norm() * key_mv.norm();
    |                                                     ^^^^ method not found in `&Multivector<DIM, 0, 0>`

error[E0308]: mismatched types
   --> amari-fusion/src/attention.rs:170:52
    |
 27 | impl<T: Float> AttentionHead<T> {
    |      - expected this type parameter
...
170 |         let attention_strength = if norm_product > 0.0 {
    |                                                    ^^^ expected type parameter `T`, found floating-point number
    |
    = note: expected type parameter `T`
                         found type `{float}`

error[E0599]: no method named `magnitude` found for struct `Multivector<P, Q, R>` in the current scope
   --> amari-automata/src/geometric_ca.rs:800:32
    |
800 |                     if product.magnitude() > 0.5 {
    |                                ^^^^^^^^^
    |
help: there is a method `grade_magnitude` with a similar name, but with different arguments
   --> amari-core/src/lib.rs:446:5
    |
446 |     pub fn grade_magnitude(&self, grade: usize) -> f64 {
    |     ^^^^^^^^^^^^^^^^^^^^^^^^^^^^^^^^^^^^^^^^^^^^^^^^^^

error[E0599]: no method named `normalize` found for struct `Multivector<P, Q, R>` in the current scope
   --> amari-automata/src/geometric_ca.rs:801:33
    |
801 |                         product.normalize().unwrap_or(Multivector::zero())
    |                                 ^^^^^^^^^ method not found in `Multivector<P, Q, R>`

error[E0599]: no method named `magnitude` found for struct `Multivector<P, Q, R>` in the current scope
   --> amari-automata/src/geometric_ca.rs:837:44
    |
837 |         } else if self.grade_projection(1).magnitude() > 0.0 {
    |                                            ^^^^^^^^^
    |
help: there is a method `grade_magnitude` with a similar name, but with different arguments
   --> amari-core/src/lib.rs:446:5
    |
446 |     pub fn grade_magnitude(&self, grade: usize) -> f64 {
    |     ^^^^^^^^^^^^^^^^^^^^^^^^^^^^^^^^^^^^^^^^^^^^^^^^^^

error[E0599]: no method named `magnitude` found for struct `Multivector<P, Q, R>` in the current scope
   --> amari-automata/src/geometric_ca.rs:839:44
    |
839 |         } else if self.grade_projection(2).magnitude() > 0.0 {
    |                                            ^^^^^^^^^
    |
help: there is a method `grade_magnitude` with a similar name, but with different arguments
   --> amari-core/src/lib.rs:446:5
    |
446 |     pub fn grade_magnitude(&self, grade: usize) -> f64 {
    |     ^^^^^^^^^^^^^^^^^^^^^^^^^^^^^^^^^^^^^^^^^^^^^^^^^^

error[E0599]: no method named `magnitude` found for reference `&Multivector<P, Q, R>` in the current scope
   --> amari-automata/src/inverse_design.rs:258:54
    |
258 |                 let target_mag = T::from(target_cell.magnitude()).unwrap();
    |                                                      ^^^^^^^^^
    |
help: there is a method `grade_magnitude` with a similar name, but with different arguments
   --> amari-core/src/lib.rs:446:5
    |
446 |     pub fn grade_magnitude(&self, grade: usize) -> f64 {
    |     ^^^^^^^^^^^^^^^^^^^^^^^^^^^^^^^^^^^^^^^^^^^^^^^^^^

error[E0599]: no method named `norm` found for reference `&Multivector<8, 0, 0>` in the current scope
   --> amari-fusion/src/evaluation.rs:299:40
    |
299 |             let norm_product = prev_mv.norm() * curr_mv.norm();
    |                                        ^^^^ method not found in `&Multivector<8, 0, 0>`

error[E0599]: no method named `norm` found for reference `&Multivector<8, 0, 0>` in the current scope
   --> amari-fusion/src/evaluation.rs:299:57
    |
299 |             let norm_product = prev_mv.norm() * curr_mv.norm();
    |                                                         ^^^^ method not found in `&Multivector<8, 0, 0>`

error[E0308]: mismatched types
   --> amari-fusion/src/evaluation.rs:302:47
    |
158 | impl<T: Float> LLMEvaluator<T> {
    |      - expected this type parameter
...
302 |             let coherence = if norm_product > 0.0 {
    |                                               ^^^ expected type parameter `T`, found floating-point number
    |
    = note: expected type parameter `T`
                         found type `{float}`

error[E0599]: no method named `abs` found for struct `Multivector<P, Q, R>` in the current scope
   --> amari-automata/src/self_assembly.rs:379:55
    |
379 |         let attraction = -sig_a.inner_product(&sig_b).abs();
    |                                                       ^^^ method not found in `Multivector<P, Q, R>`

error[E0599]: no method named `magnitude` found for struct `Multivector<P, Q, R>` in the current scope
   --> amari-automata/src/self_assembly.rs:382:82
    |
382 |         let distance = (comp_a.position.mv.clone() - comp_b.position.mv.clone()).magnitude();
    |                                                                                  ^^^^^^^^^
    |
help: there is a method `grade_magnitude` with a similar name, but with different arguments
   --> amari-core/src/lib.rs:446:5
    |
446 |     pub fn grade_magnitude(&self, grade: usize) -> f64 {
    |     ^^^^^^^^^^^^^^^^^^^^^^^^^^^^^^^^^^^^^^^^^^^^^^^^^^

error[E0599]: no method named `abs` found for struct `Multivector<P, Q, R>` in the current scope
   --> amari-automata/src/self_assembly.rs:458:62
    |
458 |         let geometric_affinity = sig_a.inner_product(&sig_b).abs();
    |                                                              ^^^ method not found in `Multivector<P, Q, R>`

error[E0599]: no method named `norm` found for reference `&Multivector<DIM, 0, 0>` in the current scope
   --> amari-fusion/src/optimizer.rs:182:47
    |
182 |         let clifford_norm = result.clifford().norm();
    |                             ------            ^^^^ method not found in `&Multivector<DIM, 0, 0>`
    |                             |
    |                             method `norm` is available on `&types::TropicalDualClifford<T, DIM>`

error[E0308]: mismatched types
   --> amari-fusion/src/optimizer.rs:183:28
    |
 23 | impl<T: Float> TropicalDualOptimizer<T> {
    |      - expected this type parameter
...
183 |         if clifford_norm > 1e-10 {
    |                            ^^^^^ expected type parameter `T`, found floating-point number
    |
    = note: expected type parameter `T`
                         found type `{float}`

error[E0599]: no method named `magnitude` found for struct `Multivector<P, Q, R>` in the current scope
   --> amari-automata/src/self_assembly.rs:461:72
    |
461 |         let distance = (a.position.mv.clone() - b.position.mv.clone()).magnitude();
    |                                                                        ^^^^^^^^^
    |
help: there is a method `grade_magnitude` with a similar name, but with different arguments
   --> amari-core/src/lib.rs:446:5
    |
446 |     pub fn grade_magnitude(&self, grade: usize) -> f64 {
    |     ^^^^^^^^^^^^^^^^^^^^^^^^^^^^^^^^^^^^^^^^^^^^^^^^^^

error[E0599]: no method named `norm` found for reference `&Multivector<DIM, 0, 0>` in the current scope
   --> amari-fusion/src/verified.rs:286:39
    |
286 |         T::from(self.inner.clifford().norm()).unwrap_or(T::zero())
    |                 ----------            ^^^^ method not found in `&Multivector<DIM, 0, 0>`
    |                 |
    |                 method `norm` is available on `&types::TropicalDualClifford<T, DIM>`

    Checking amari-calculus v0.24.1 (/home/lucien/working/industrial-algebra/Amari/.worktrees/core-w02/amari-calculus)
    Checking amari-probabilistic v0.24.1 (/home/lucien/working/industrial-algebra/Amari/.worktrees/core-w02/amari-probabilistic)
error[E0599]: no method named `norm` found for reference `&Multivector<DIM, 0, 0>` in the current scope
   --> amari-fusion/src/verified_contracts.rs:204:29
    |
204 |         let norm = clifford.norm();
    |                             ^^^^ method not found in `&Multivector<DIM, 0, 0>`

error[E0308]: mismatched types
   --> amari-fusion/src/verified_contracts.rs:205:58
    |
 35 | impl<T: Float, const DIM: usize> VerifiedContractTropicalDualClifford<T, DIM> {
    |      - expected this type parameter
...
205 |         if norm.is_nan() || norm.is_infinite() || norm < 0.0 {
    |                                                          ^^^ expected type parameter `T`, found floating-point number
    |
    = note: expected type parameter `T`
                         found type `{float}`

error[E0599]: no method named `norm` found for reference `&Multivector<DIM, 0, 0>` in the current scope
   --> amari-fusion/src/verified_contracts.rs:348:41
    |
348 |         let a_norm = a.inner.clifford().norm();
    |                      -------            ^^^^ method not found in `&Multivector<DIM, 0, 0>`
    |                      |
    |                      method `norm` is available on `&types::TropicalDualClifford<T, DIM>`

error[E0599]: no method named `norm` found for reference `&Multivector<DIM, 0, 0>` in the current scope
   --> amari-fusion/src/verified_contracts.rs:349:41
    |
349 |         let b_norm = b.inner.clifford().norm();
    |                      -------            ^^^^ method not found in `&Multivector<DIM, 0, 0>`
    |                      |
    |                      method `norm` is available on `&types::TropicalDualClifford<T, DIM>`

error[E0599]: no method named `norm` found for reference `&Multivector<DIM, 0, 0>` in the current scope
   --> amari-fusion/src/verified_contracts.rs:350:56
    |
350 |         let result_norm = transformed.inner.clifford().norm();
    |                           -----------------            ^^^^ method not found in `&Multivector<DIM, 0, 0>`
    |                           |
    |                           method `norm` is available on `&types::TropicalDualClifford<T, DIM>`

error[E0308]: mismatched types
   --> amari-fusion/src/verified_contracts.rs:353:19
    |
341 |     pub fn verify_clifford_preservation<T: Float, const DIM: usize>(
    |                                         - expected this type parameter
...
353 |         a_norm >= 0.0
    |                   ^^^ expected type parameter `T`, found floating-point number
    |
    = note: expected type parameter `T`
                         found type `{float}`

error[E0308]: mismatched types
   --> amari-fusion/src/verified_contracts.rs:354:26
    |
341 |     pub fn verify_clifford_preservation<T: Float, const DIM: usize>(
    |                                         - expected this type parameter
...
354 |             && b_norm >= 0.0
    |                          ^^^ expected type parameter `T`, found floating-point number
    |
    = note: expected type parameter `T`
                         found type `{float}`

error[E0308]: mismatched types
   --> amari-fusion/src/verified_contracts.rs:355:31
    |
341 |     pub fn verify_clifford_preservation<T: Float, const DIM: usize>(
    |                                         - expected this type parameter
...
355 |             && result_norm >= 0.0
    |                               ^^^ expected type parameter `T`, found floating-point number
    |
    = note: expected type parameter `T`
                         found type `{float}`

    Checking amari-rewrite-macros v0.24.1 (/home/lucien/working/industrial-algebra/Amari/.worktrees/core-w02/amari-rewrite-macros)
    Checking amari-discovery-macros v0.24.1 (/home/lucien/working/industrial-algebra/Amari/.worktrees/core-w02/amari-discovery-macros)
For more information about this error, try `rustc --explain E0599`.
error: could not compile `amari-automata` (lib) due to 20 previous errors
warning: build failed, waiting for other jobs to finish...
Some errors have detailed explanations: E0308, E0599.
For more information about an error, try `rustc --explain E0308`.
error: could not compile `amari-fusion` (lib) due to 26 previous errors
