   Compiling amari-core v0.24.1 (/home/lucien/working/industrial-algebra/Amari/.worktrees/core-w02/amari-core)
    Finished `test` profile [unoptimized + debuginfo] target(s) in 0.30s
     Running tests/numerical_contracts.rs (target/d07-baseline/w02/stable/x86_64-unknown-linux-gnu/debug/deps/numerical_contracts-04a0e9ebf5f7dc0f)

running 11 tests
test approx_eq_accepts_relative_scales ... ok
test approx_eq_rejects_nonzero_null_difference ... ok
test coefficient_norm_nonfinite_policy ... ok
test approx_eq_relative_component_at_large_scale ... ok
test approx_eq_nonfinite_is_false_unless_exactly_equal ... ok
test exact_zero_rejects_tiny_but_nonzero_coefficients ... ok
test is_approx_zero_matches_approx_eq_against_zero ... ok
test zero_trait_delegates_exact_semantics ... ok
test coefficient_norm_of_nonzero_null_element_is_nonzero ... ok
test vector_normalize_requires_strictly_positive_square ... ok
test coefficient_norm_preserves_representable_extremes ... FAILED

failures:

---- coefficient_norm_preserves_representable_extremes stdout ----

thread 'coefficient_norm_preserves_representable_extremes' (1242945) panicked at amari-core/tests/numerical_contracts.rs:57:5:
assertion `left == right` failed
  left: 0.0
 right: 1e-200
note: run with `RUST_BACKTRACE=1` environment variable to display a backtrace


failures:
    coefficient_norm_preserves_representable_extremes

test result: FAILED. 10 passed; 1 failed; 0 ignored; 0 measured; 0 filtered out; finished in 0.00s

error: test failed, to rerun pass `-p amari-core --test numerical_contracts`
