   Compiling amari-core v0.24.1 (/home/lucien/working/industrial-algebra/Amari/.worktrees/core-w02/amari-core)
    Finished `test` profile [unoptimized + debuginfo] target(s) in 0.86s
     Running unittests src/lib.rs (target/d07-baseline/w02/stable/x86_64-unknown-linux-gnu/debug/deps/amari_core-1fe9da39ff2844c1)

running 202 tests
test aligned_alloc::tests::test_aligned_f64_vec ... ok
test aligned_alloc::tests::test_aligned_coefficients ... ok
test aligned_alloc::tests::test_aligned_memory ... ok
test basis::tests::test_blade_names ... ok
test aligned_alloc::tests::test_memory_pool ... ok
test cayley::tests::test_minkowski_spacetime ... ok
test comprehensive_tests::accessor_tests::test_get_set ... ok
test comprehensive_tests::accessor_tests::test_bivector_part ... ok
test basis::tests::test_builder ... ok
test comprehensive_tests::accessor_tests::test_set_bivector_component ... ok
test comprehensive_tests::accessor_tests::test_set_vector_component ... ok
test comprehensive_tests::accessor_tests::test_scalar_part ... ok
test comprehensive_tests::accessor_tests::test_as_slice ... ok
test comprehensive_tests::accessor_tests::test_set_scalar ... ok
test comprehensive_tests::accessor_tests::test_trivector_part ... ok
test cayley::tests::test_euclidean_3d ... ok
test comprehensive_tests::accessor_tests::test_vector_part ... ok
test basis::tests::test_basis_helpers ... ok
test comprehensive_tests::accessor_tests::test_vector_component ... ok
test comprehensive_tests::arithmetic_tests::test_addition ... ok
test comprehensive_tests::advanced_operations_tests::test_exp_zero ... ok
test comprehensive_tests::advanced_operations_tests::test_exp_bivector ... ok
test cayley::tests::test_null_vectors ... ok
test comprehensive_tests::arithmetic_tests::test_operator_negation ... ok
test comprehensive_tests::arithmetic_tests::test_operator_subtraction ... ok
test comprehensive_tests::arithmetic_tests::test_operator_addition ... ok
test comprehensive_tests::arithmetic_tests::test_scalar_multiplication ... ok
test comprehensive_tests::bivector_tests::test_bivector_basis_bivectors ... ok
test comprehensive_tests::bivector_tests::test_bivector_from_components ... ok
test comprehensive_tests::bivector_tests::test_bivector_from_multivector ... ok
test comprehensive_tests::advanced_operations_tests::test_exp_scalar ... ok
test comprehensive_tests::bivector_tests::test_bivector_geometric_product_with_bivector ... ok
test comprehensive_tests::bivector_tests::test_bivector_geometric_product_with_vector ... ok
test comprehensive_tests::bivector_tests::test_bivector_get ... ok
test comprehensive_tests::bivector_tests::test_bivector_index_access ... ok
test comprehensive_tests::bivector_tests::test_bivector_inner_product_with_vector ... ok
test comprehensive_tests::bivector_tests::test_bivector_inner_product ... ok
test comprehensive_tests::bivector_tests::test_bivector_magnitude ... ok
test comprehensive_tests::bivector_tests::test_bivector_outer_product ... ok
test comprehensive_tests::bivector_tests::test_bivector_outer_product_with_vector ... ok
test comprehensive_tests::bivector_tests::test_bivector_right_contraction ... ok
test comprehensive_tests::constructor_tests::test_basis_vector ... ok
test comprehensive_tests::constructor_tests::test_from_coefficients ... ok
test comprehensive_tests::constructor_tests::test_from_slice ... ok
test comprehensive_tests::constructor_tests::test_scalar ... ok
test comprehensive_tests::constructor_tests::test_zero ... ok
test comprehensive_tests::integration_tests::test_basis_vector_anticommutativity ... ok
test comprehensive_tests::integration_tests::test_basis_vector_squares ... ok
test comprehensive_tests::integration_tests::test_identity_elements ... ok
test comprehensive_tests::integration_tests::test_distributivity ... ok
test comprehensive_tests::integration_tests::test_reverse_involution ... ok
test comprehensive_tests::operation_tests::test_grade_projection ... ok
test comprehensive_tests::operation_tests::test_grade ... ok
test comprehensive_tests::operation_tests::test_reverse ... ok
test comprehensive_tests::product_tests::test_geometric_product ... ok
test comprehensive_tests::product_tests::test_geometric_product_associativity ... ok
test comprehensive_tests::product_tests::test_inner_product ... ok
test comprehensive_tests::product_tests::test_outer_product ... ok
test comprehensive_tests::product_tests::test_outer_product_antisymmetric ... ok
test comprehensive_tests::product_tests::test_scalar_product ... ok
test comprehensive_tests::scalar_tests::test_scalar_from ... ok
test comprehensive_tests::scalar_tests::test_scalar_commutative_multiplication ... ok
test comprehensive_tests::scalar_tests::test_scalar_from_trait ... ok
test comprehensive_tests::scalar_tests::test_scalar_geometric_product_with_multivector ... ok
test comprehensive_tests::scalar_tests::test_scalar_geometric_product_with_vector ... ok
test comprehensive_tests::scalar_tests::test_scalar_identity ... ok
test comprehensive_tests::scalar_tests::test_scalar_one ... ok
test comprehensive_tests::utility_tests::test_abs ... ok
test comprehensive_tests::utility_tests::test_approx_eq ... ok
test comprehensive_tests::utility_tests::test_equality ... ok
test comprehensive_tests::utility_tests::test_inverse_small ... ok
test comprehensive_tests::utility_tests::test_inverse ... ok
test comprehensive_tests::utility_tests::test_inverse_zero ... ok
test comprehensive_tests::utility_tests::test_is_zero ... ok
test comprehensive_tests::utility_tests::test_magnitude ... ok
test comprehensive_tests::utility_tests::test_norm ... ok
test comprehensive_tests::utility_tests::test_norm_squared ... ok
test comprehensive_tests::utility_tests::test_normalize ... ok
test comprehensive_tests::utility_tests::test_normalize_small ... ok
test comprehensive_tests::utility_tests::test_normalize_zero ... ok
test comprehensive_tests::vector_tests::test_vector_add ... ok
test comprehensive_tests::vector_tests::test_vector_as_slice ... ok
test comprehensive_tests::vector_tests::test_vector_basis_vectors ... ok
test comprehensive_tests::vector_tests::test_vector_from_components ... ok
test comprehensive_tests::vector_tests::test_vector_from_multivector ... ok
test comprehensive_tests::vector_tests::test_vector_geometric_product_with_bivector ... ok
test comprehensive_tests::vector_tests::test_vector_geometric_product_with_multivector ... ok
test comprehensive_tests::vector_tests::test_vector_geometric_product_with_scalar ... ok
test comprehensive_tests::vector_tests::test_vector_geometric_product_with_vector ... ok
test comprehensive_tests::vector_tests::test_vector_hodge_dual ... ok
test comprehensive_tests::vector_tests::test_vector_inner_product ... ok
test comprehensive_tests::vector_tests::test_vector_inner_product_with_bivector ... ok
test comprehensive_tests::vector_tests::test_vector_inner_product_with_mv ... ok
test comprehensive_tests::vector_tests::test_vector_left_contraction ... ok
test comprehensive_tests::vector_tests::test_vector_magnitude ... ok
test comprehensive_tests::vector_tests::test_vector_norm ... ok
test comprehensive_tests::vector_tests::test_vector_norm_squared ... ok
test comprehensive_tests::vector_tests::test_vector_normalize ... ok
test comprehensive_tests::vector_tests::test_vector_normalize_zero ... ok
test comprehensive_tests::vector_tests::test_vector_outer_product ... ok
test comprehensive_tests::vector_tests::test_vector_outer_product_with_bivector ... ok
test comprehensive_tests::vector_tests::test_vector_reverse ... ok
test comprehensive_tests::vector_tests::test_vector_outer_product_with_mv ... ok
test comprehensive_tests::vector_tests::test_vector_zero ... ok
test generic::tests::test_blade_product_e12_e1_cl300 ... ok
test generic::tests::test_blade_product_e1_e1_cl300 ... ok
test generic::tests::test_blade_product_e1_e2_cl300 ... ok
test generic::tests::test_blade_product_e2_e1_cl300 ... ok
test generic::tests::test_blade_product_e3_e3_cl210 ... ok
test generic::tests::test_blade_product_null_signature ... ok
test generic::tests::test_blade_product_scalar_scalar ... ok
test generic::tests::test_generic_gp_matches_const_generic_cl210 ... ok
test generic::tests::test_generic_gp_matches_const_generic_cl300 ... ok
test generic::tests::test_generic_gp_scalar_only ... ok
test gf2::clifford::tests::test_basis_vector_square_degenerate ... ok
test gf2::clifford::tests::test_basis_vector_square_nondegenerate ... ok
test gf2::clifford::tests::test_commutativity_over_gf2 ... ok
test gf2::clifford::tests::test_geometric_product_associativity ... ok
test gf2::clifford::tests::test_grade_projection ... ok
test gf2::clifford::tests::test_outer_product_dependent ... ok
test gf2::clifford::tests::test_outer_product_independent_blades ... ok
test gf2::clifford::tests::test_pseudoscalar_product ... ok
test gf2::clifford::tests::test_reverse ... ok
test gf2::clifford::tests::test_to_real_from_real_roundtrip ... ok
test gf2::clifford::tests::test_zero_and_identity ... ok
test gf2::grassmannian::tests::test_binary_grassmannian_size ... ok
test gf2::grassmannian::tests::test_gaussian_binomial_edge_cases ... ok
test gf2::grassmannian::tests::test_gaussian_binomial_known_values ... ok
test gf2::grassmannian::tests::test_schubert_cell_size_formula ... ok
test gf2::matrix::tests::test_determinant_non_square ... ok
test gf2::matrix::tests::test_full_rank ... ok
test gf2::grassmannian::tests::test_schubert_cell_sizes_sum ... ok
test gf2::matrix::tests::test_identity_properties ... ok
test gf2::matrix::tests::test_matrix_vector_product ... ok
test gf2::matrix::tests::test_matrix_product ... ok
test gf2::matrix::tests::test_null_space ... ok
test gf2::matrix::tests::test_rank_deficient ... ok
test gf2::matrix::tests::test_row_echelon_and_rank ... ok
test gf2::matrix::tests::test_solve ... ok
test gf2::grassmannian::tests::test_enumerate_subspaces_count ... ok
test gf2::matrix::tests::test_solve_inconsistent ... ok
test gf2::grassmannian::tests::test_enumerate_subspaces_valid_rref ... ok
test generic::tests::test_generic_gp_random_cl410 ... ok
test gf2::matrix::tests::test_transpose_roundtrip ... ok
test gf2::scalar::tests::test_conversions ... ok
test gf2::scalar::tests::test_distributivity ... ok
test gf2::scalar::tests::test_field_addition ... ok
test gf2::scalar::tests::test_field_multiplication ... ok
test gf2::scalar::tests::test_multiplicative_inverse ... ok
test gf2::scalar::tests::test_self_inverse ... ok
test gf2::vector::tests::test_dot_product ... ok
test gf2::vector::tests::test_from_bits ... ok
test gf2::vector::tests::test_from_u64_roundtrip ... ok
test gf2::vector::tests::test_get_set_roundtrip ... ok
test gf2::vector::tests::test_hamming_weight_and_distance ... ok
test gf2::vector::tests::test_large_vector ... ok
test gf2::vector::tests::test_xor_addition ... ok
test gf2::vector::tests::test_zero_vector ... ok
test precision::tests::test_dashu_float_creation ... ok
test precision::tests::test_dashu_float_arithmetic ... ok
test precision::tests::test_dashu_float_precision_operations ... ok
test precision::tests::test_default_tolerance ... ok
test precision::tests::test_standard_float_precision ... ok
test precision::tests::test_dashu_float_transcendental ... ok
test property_tests::unit_property_tests::test_property_framework ... ok
test rotor::tests::test_reflection ... ok
test rotor::tests::test_rotor_90_degrees ... ok
test simd::tests::test_runtime_feature_detection ... ok
test rotor::tests::test_rotor_composition ... ok
test tests::test_grade_operations ... ok
test tests::test_rotor_from_bivector ... ok
test unicode_ops::tests::test_unicode_grade_projection ... ok
test tests::test_wedge_product ... ok
test simd::tests::test_aligned_buffer ... ok
test tests::test_inner_and_outer_products ... ok
test tests::test_metric_signature ... ok
test tests::test_basis_vectors ... ok
test unicode_ops::tests::test_extended_unicode_operations ... ok
test tests::test_algebraic_identities ... ok
test unicode_ops::tests::test_unicode_geometric_product ... ok
test unicode_ops::tests::test_unicode_inner_product ... ok
test unicode_ops::tests::test_unicode_unary_operations ... ok
test verified::tests::test_signature_type_safety ... ok
test unicode_ops::tests::test_unicode_mathematical_identities ... ok
test verified::tests::test_grade_preservation ... ok
test unicode_ops::tests::test_unicode_wedge_product ... ok
test verified::tests::test_outer_product_type_safety ... ok
test verified::tests::test_phantom_type_dimension_safety ... ok
test property_tests::prop_basis_vector_squares ... ok
test property_tests::prop_outer_product_self_zero ... ok
test property_tests::prop_multiplicative_identity ... ok
test property_tests::prop_outer_product_antisymmetric ... ok
test property_tests::prop_norm_via_reverse ... ok
test property_tests::prop_basis_anticommutativity ... ok
test property_tests::prop_addition_commutative ... ok
test property_tests::prop_additive_identity ... ok
test property_tests::prop_scalar_multiplication_commutative ... ok
test property_tests::prop_rotor_preserves_norm ... ok
test property_tests::prop_addition_associative ... ok
test property_tests::prop_reverse_antiautomorphism ... ok
test property_tests::prop_left_distributivity ... ok
test property_tests::prop_geometric_product_associative ... ok

test result: ok. 202 passed; 0 failed; 0 ignored; 0 measured; 0 filtered out; finished in 0.03s

