    Updating crates.io index
     Locking 368 packages to latest compatible versions
      Adding dashu-float v0.4.5 (available: v0.6.2)
      Adding generic-array v0.14.7 (available: v0.14.9)
      Adding minicov v0.3.8 (available: v0.3.9)
      Adding num-bigint v0.4.8 (available: v0.5.1)
      Adding sha2 v0.10.9 (available: v0.11.0)
      Adding syn v2.0.119 (available: v3.0.6)
      Adding toml v0.8.23 (available: v1.1.8+spec-1.1.0)
      Adding wgpu v0.19.4 (available: v30.0.1)
      Adding z3 v0.20.2 (available: v0.21.1)
 Downloading crates ...
  Downloaded thiserror-impl v2.0.21
  Downloaded thiserror v2.0.21
   Compiling proc-macro2 v1.0.107
   Compiling unicode-ident v1.0.26
   Compiling quote v1.0.47
   Compiling autocfg v1.5.1
   Compiling thiserror v2.0.21
    Checking bytemuck v1.25.2
   Compiling num-traits v0.2.19
   Compiling syn v3.0.6
    Checking approx v0.5.1
   Compiling thiserror-impl v2.0.21
    Checking amari-core v0.24.1 (/home/lucien/working/industrial-algebra/Amari/.worktrees/core-w00/amari-core)
error: cannot find macro `vec` in this scope
  --> amari-core/src/generic.rs:79:22
   |
79 |     let mut result = vec![0.0; basis_count];
   |                      ^^^
   |
help: consider importing one of these macros
   |
 8 + use crate::vec;
   |
 8 + use alloc::vec;
   |

error[E0425]: cannot find type `Vec` in this scope
  --> amari-core/src/generic.rs:76:89
   |
76 | pub fn generic_geometric_product(p: usize, q: usize, r: usize, a: &[f64], b: &[f64]) -> Vec<f64> {
   |                                                                                         ^^^ not found in this scope
   |
help: consider importing one of these structs
   |
 8 + use crate::Vec;
   |
 8 + use alloc::vec::Vec;
   |

error[E0425]: cannot find type `Vec` in this scope
   --> amari-core/src/rotor.rs:215:19
    |
215 |         let cols: Vec<_> = (0..3)
    |                   ^^^ not found in this scope
    |
help: consider importing one of these structs
    |
  3 + use crate::Vec;
    |
  3 + use alloc::vec::Vec;
    |

warning: unused imports: `Formatter` and `Result`
  --> amari-core/src/precision.rs:15:33
   |
15 | use core::fmt::{Debug, Display, Formatter, Result};
   |                                 ^^^^^^^^^  ^^^^^^
   |
   = note: `#[warn(unused_imports)]` (part of `#[warn(unused)]`) on by default

For more information about this error, try `rustc --explain E0425`.
warning: `amari-core` (lib) generated 1 warning
error: could not compile `amari-core` (lib) due to 3 previous errors; 1 warning emitted
