    Checking cfg-if v1.0.5
    Checking libc v0.2.190
    Checking rand_core v0.10.1
    Checking linux-raw-sys v0.12.1
    Checking bitflags v2.13.2
    Checking regex-syntax v0.8.11
    Checking either v1.19.0
    Checking anstyle v1.0.14
    Checking zerocopy v0.8.62
    Checking crossbeam-utils v0.8.23
    Checking serde_core v1.0.229
    Checking zmij v1.0.23
    Checking once_cell v1.21.4
    Checking fastrand v2.5.0
    Checking plotters-backend v0.3.7
    Checking clap_lex v1.1.1
    Checking ciborium-io v0.2.2
    Checking itoa v1.0.18
    Checking memchr v2.8.3
    Checking quick-error v1.2.3
    Checking cast v0.3.0
    Checking bit-vec v0.8.0
    Checking same-file v1.0.6
    Checking fnv v1.0.7
    Checking cpufeatures v0.3.1
    Checking alloca v0.4.0
    Checking oorandom v11.1.5
    Checking anes v0.1.6
    Checking unarray v0.1.4
    Checking amari-core v0.24.1 (/home/lucien/working/industrial-algebra/Amari/.worktrees/core-w00/amari-core)
    Checking itertools v0.13.0
    Checking chacha20 v0.10.2
    Checking walkdir v2.5.0
error: unused imports: `Formatter` and `Result`
  --> amari-core/src/precision.rs:12:32
   |
12 | use std::fmt::{Debug, Display, Formatter, Result};
   |                                ^^^^^^^^^  ^^^^^^
   |
   = note: `-D unused-imports` implied by `-D warnings`
   = help: to override `-D warnings` add `#[allow(unused_imports)]`

    Checking clap_builder v4.6.7
    Checking plotters-svg v0.3.7
    Checking bit-set v0.8.0
    Checking plotters v0.3.7
error: could not compile `amari-core` (lib) due to 1 previous error
warning: build failed, waiting for other jobs to finish...
