   Compiling rustversion v1.0.23
   Compiling dashu-int v0.4.3
    Checking half v2.7.1
    Checking num-modular v0.6.6
    Checking getrandom v0.3.4
    Checking getrandom v0.4.3
    Checking rustix v1.1.5
    Checking dashu-base v0.4.3
    Checking static_assertions v1.1.0
    Checking regex-automata v0.4.18
    Checking crossbeam-epoch v0.9.21
    Checking serde v1.0.229
    Checking serde_json v1.0.151
    Checking ppv-lite86 v0.2.21
    Checking wait-timeout v0.2.1
    Checking criterion-plot v0.8.2
    Checking clap v4.6.7
    Checking page_size v0.6.0
    Checking rand_core v0.9.5
    Checking rand v0.10.3
    Checking ciborium-ll v0.2.2
    Checking crossbeam-deque v0.8.8
    Checking rand v0.9.5
    Checking rand_xorshift v0.4.0
    Checking ciborium v0.2.2
    Checking rand_chacha v0.9.0
    Checking rayon-core v1.13.0
    Checking tinytemplate v1.2.1
    Checking rayon v1.12.0
    Checking regex v1.13.1
    Checking tempfile v3.27.0
    Checking rusty-fork v0.3.1
    Checking proptest v1.11.0
    Checking criterion v0.8.2
    Checking dashu-float v0.4.5
    Checking amari-core v0.24.1 (/home/lucien/working/industrial-algebra/Amari/.worktrees/core-w00/amari-core)
    Finished `dev` profile [unoptimized + debuginfo] target(s) in 2.83s
