   Compiling unicode-ident v1.0.26
   Compiling cfg-if v1.0.5
   Compiling libc v0.2.190
   Compiling thiserror v2.0.21
   Compiling memchr v2.8.3
   Compiling rand_core v0.10.1
   Compiling num-modular v0.6.6
   Compiling serde_core v1.0.229
   Compiling getrandom v0.4.3
   Compiling version_check v0.9.5
   Compiling typenum v1.20.1
   Compiling zerocopy v0.8.62
   Compiling serde v1.0.229
   Compiling zmij v1.0.23
   Compiling getrandom v0.3.4
   Compiling regex-syntax v0.8.11
   Compiling quote v1.0.47
   Compiling num-traits v0.2.19
   Compiling rustix v1.1.5
   Compiling anstyle v1.0.14
   Compiling matrixmultiply v0.3.11
   Compiling safe_arch v1.2.0
   Compiling fastrand v2.5.0
   Compiling proc-macro2 v1.0.107
   Compiling bitflags v2.13.2
   Compiling itoa v1.0.18
   Compiling cpufeatures v0.3.1
   Compiling utf8parse v0.2.2
   Compiling linux-raw-sys v0.12.1
   Compiling anstyle-parse v1.0.0
   Compiling chacha20 v0.10.2
   Compiling serde_json v1.0.151
   Compiling equivalent v1.0.2
   Compiling is_terminal_polyfill v1.70.2
   Compiling colorchoice v1.0.5
   Compiling hashbrown v0.17.1
   Compiling generic-array v0.14.7
   Compiling wide v1.7.1
   Compiling rawpointer v0.2.1
   Compiling anstyle-query v1.1.5
   Compiling ref-cast v1.0.27
   Compiling anstream v1.0.0
   Compiling heck v0.5.0
   Compiling toml_write v0.1.2
   Compiling strsim v0.11.1
   Compiling cpufeatures v0.2.17
   Compiling clap_lex v1.1.1
   Compiling winnow v0.7.15
   Compiling predicates-core v1.0.10
   Compiling once_cell v1.21.4
   Compiling aho-corasick v1.1.5
   Compiling bit-vec v0.8.0
   Compiling clap_builder v4.6.7
   Compiling dashu-int v0.4.3
   Compiling same-file v1.0.6
   Compiling syn v3.0.6
   Compiling syn v2.0.119
   Compiling indexmap v2.14.2
   Compiling difflib v0.4.0
   Compiling termtree v0.5.1
   Compiling amari-discovery v0.24.1 (/home/lucien/working/industrial-algebra/Amari/.worktrees/core-w01/amari-discovery)
   Compiling normalize-line-endings v0.3.0
   Compiling assert_cmd v2.2.2
   Compiling quick-error v1.2.3
   Compiling approx v0.5.1
   Compiling num-integer v0.1.47
   Compiling num-complex v0.4.6
   Compiling float-cmp v0.10.0
   Compiling fnv v1.0.7
   Compiling dyn-clone v1.0.20
   Compiling predicates-tree v1.0.13
   Compiling bit-set v0.8.0
   Compiling walkdir v2.5.0
   Compiling unarray v0.1.4
   Compiling hex v0.4.3
   Compiling num-bigint v0.4.8
   Compiling block-buffer v0.10.4
   Compiling crypto-common v0.1.7
   Compiling digest v0.10.7
   Compiling sha2 v0.10.9
   Compiling wait-timeout v0.2.1
   Compiling rand v0.10.3
   Compiling rand_core v0.9.5
   Compiling rand_xorshift v0.4.0
   Compiling rand v0.9.5
   Compiling regex-automata v0.4.18
   Compiling num-rational v0.4.2
   Compiling tempfile v3.27.0
   Compiling rusty-fork v0.3.1
   Compiling nalgebra-macros v0.3.0
   Compiling dashu-float v0.4.5
   Compiling amari-discovery-macros v0.24.1 (/home/lucien/working/industrial-algebra/Amari/.worktrees/core-w01/amari-discovery-macros)
   Compiling serde_derive_internals v0.30.0
   Compiling thiserror-impl v2.0.21
   Compiling serde_derive v1.0.229
   Compiling ref-cast-impl v1.0.27
   Compiling clap_derive v4.6.7
   Compiling schemars_derive v1.2.2
   Compiling ppv-lite86 v0.2.21
   Compiling rand_chacha v0.10.0
   Compiling rand_chacha v0.9.0
   Compiling proptest v1.11.0
   Compiling amari-core v0.24.1 (/home/lucien/working/industrial-algebra/Amari/.worktrees/core-w01/amari-core)
   Compiling amari-cgt v0.24.1 (/home/lucien/working/industrial-algebra/Amari/.worktrees/core-w01/amari-cgt)
   Compiling amari-rewrite v0.24.1 (/home/lucien/working/industrial-algebra/Amari/.worktrees/core-w01/amari-rewrite)
   Compiling simba v0.10.2
   Compiling regex v1.13.1
   Compiling bstr v1.13.1
   Compiling amari-surreal v0.24.1 (/home/lucien/working/industrial-algebra/Amari/.worktrees/core-w01/amari-surreal)
   Compiling clap v4.6.7
   Compiling amari-tropical v0.24.1 (/home/lucien/working/industrial-algebra/Amari/.worktrees/core-w01/amari-tropical)
   Compiling amari-dual v0.24.1 (/home/lucien/working/industrial-algebra/Amari/.worktrees/core-w01/amari-dual)
   Compiling amari-info-geom v0.24.1 (/home/lucien/working/industrial-algebra/Amari/.worktrees/core-w01/amari-info-geom)
   Compiling amari-holographic v0.24.1 (/home/lucien/working/industrial-algebra/Amari/.worktrees/core-w01/amari-holographic)
   Compiling amari-surcomplex v0.24.1 (/home/lucien/working/industrial-algebra/Amari/.worktrees/core-w01/amari-surcomplex)
   Compiling predicates v3.1.4
   Compiling amari-optimization v0.24.1 (/home/lucien/working/industrial-algebra/Amari/.worktrees/core-w01/amari-optimization)
   Compiling serde_spanned v0.6.9
   Compiling toml_datetime v0.6.11
   Compiling schemars v1.2.2
   Compiling toml_edit v0.22.27
   Compiling nalgebra v0.35.0
   Compiling toml v0.8.23
   Compiling amari-network v0.24.1 (/home/lucien/working/industrial-algebra/Amari/.worktrees/core-w01/amari-network)
    Finished `dev` profile [unoptimized + debuginfo] target(s) in 21.61s
     Running `target/d07-baseline/w01/stable/debug/examples/generate_catalog .`
Generated catalog: 28 crates, 11079 items, 107 dependency edges, hash 1babbf3163af5c99be333d5ea1cd62f42a920be244a923ef2968fe0cbcc79f71
