   Compiling amari-core v0.24.1 (/home/lucien/working/industrial-algebra/Amari/.worktrees/core-w01/amari-core)
    Finished `test` profile [unoptimized + debuginfo] target(s) in 0.44s
     Running tests/arithmetic_regressions.rs (target/d07-baseline/w01/stable/x86_64-unknown-linux-gnu/debug/deps/arithmetic_regressions-07d7f70f1462caed)

running 6 tests
test gp_small_finite_factor_is_not_zero ... ok
test gp_associativity_does_not_drop_a_small_intermediate ... ok
test projected_outer_product_keeps_small_grade_components ... ok
test projected_inner_and_contractions_keep_small_grade_components ... ok
test structural_hodge_transport_is_linear_at_small_scale ... FAILED
test structural_grade_reports_a_small_nonzero_component ... FAILED

failures:

---- structural_hodge_transport_is_linear_at_small_scale stdout ----

thread 'structural_hodge_transport_is_linear_at_small_scale' (1000941) panicked at amari-core/tests/arithmetic_regressions.rs:85:5:
assertion `left == right` failed
  left: [0.0, 0.0, 0.0, 0.0, 0.0, 0.0, 0.0, 0.0]
 right: [0.0, 0.0, 0.0, 0.0, 0.0, 0.0, 8.881784197001252e-16, 0.0]

---- structural_grade_reports_a_small_nonzero_component stdout ----

thread 'structural_grade_reports_a_small_nonzero_component' (1000940) panicked at amari-core/tests/arithmetic_regressions.rs:94:5:
assertion `left == right` failed
  left: 0
 right: 1
note: run with `RUST_BACKTRACE=1` environment variable to display a backtrace


failures:
    structural_grade_reports_a_small_nonzero_component
    structural_hodge_transport_is_linear_at_small_scale

test result: FAILED. 4 passed; 2 failed; 0 ignored; 0 measured; 0 filtered out; finished in 0.00s

error: test failed, to rerun pass `-p amari-core --test arithmetic_regressions`
