       Fresh unicode-ident v1.0.26
       Fresh proc-macro2 v1.0.107
       Fresh autocfg v1.5.1
       Fresh cfg-if v1.0.5
       Fresh static_assertions v1.1.0
       Fresh dashu-base v0.4.3
       Fresh num-modular v0.6.6
       Fresh bytemuck v1.25.2
       Fresh quote v1.0.47
       Fresh rustversion v1.0.23
       Fresh syn v3.0.6
       Fresh dashu-int v0.4.3
       Fresh num-traits v0.2.19
       Fresh thiserror-impl v2.0.21
       Fresh dashu-float v0.4.5
       Fresh approx v0.5.1
       Fresh thiserror v2.0.21
       Dirty amari-core v0.24.1 (/home/lucien/working/industrial-algebra/Amari/.worktrees/core-w00/amari-core): the precalculated components changed
 Documenting amari-core v0.24.1 (/home/lucien/working/industrial-algebra/Amari/.worktrees/core-w00/amari-core)
     Running `CARGO=/home/lucien/.rustup/toolchains/nightly-x86_64-unknown-linux-gnu/bin/cargo CARGO_CRATE_NAME=amari_core CARGO_MANIFEST_DIR=/home/lucien/working/industrial-algebra/Amari/.worktrees/core-w00/amari-core CARGO_MANIFEST_PATH=/home/lucien/working/industrial-algebra/Amari/.worktrees/core-w00/amari-core/Cargo.toml CARGO_PKG_AUTHORS='Amari Contributors' CARGO_PKG_DESCRIPTION='Core geometric algebra and mathematical structures' CARGO_PKG_HOMEPAGE='https://github.com/justinelliottcobb/Amari' CARGO_PKG_LICENSE='MIT OR Apache-2.0' CARGO_PKG_LICENSE_FILE='' CARGO_PKG_NAME=amari-core CARGO_PKG_README=README.md CARGO_PKG_REPOSITORY='https://github.com/justinelliottcobb/Amari' CARGO_PKG_RUST_VERSION='' CARGO_PKG_VERSION=0.24.1 CARGO_PKG_VERSION_MAJOR=0 CARGO_PKG_VERSION_MINOR=24 CARGO_PKG_VERSION_PATCH=1 CARGO_PKG_VERSION_PRE='' LD_LIBRARY_PATH='/home/lucien/.rustup/toolchains/nightly-x86_64-unknown-linux-gnu/lib:/nix/store/b2swxfi8srrbsafvh9iyyhd26mz9giwf-zlib-1.3.2/lib' /home/lucien/.rustup/toolchains/nightly-x86_64-unknown-linux-gnu/bin/rustdoc --edition=2021 --crate-type lib --crate-name amari_core amari-core/src/lib.rs --target x86_64-unknown-linux-gnu -o /home/lucien/working/industrial-algebra/Amari/.worktrees/core-w00/target/d07-baseline/w00/nightly/x86_64-unknown-linux-gnu/doc --cfg 'feature="default"' --cfg 'feature="gf2"' --cfg 'feature="high-precision"' --cfg 'feature="phantom-types"' --cfg 'feature="std"' --check-cfg 'cfg(docsrs,test)' --check-cfg 'cfg(feature, values("creusot-contracts", "default", "formal-verification", "full-precision", "gf2", "high-precision", "native-precision", "parallel", "phantom-types", "rayon", "serde", "serialize", "std", "wasm-precision"))' --error-format=json --json=diagnostic-rendered-ansi,artifacts,future-incompat -C metadata=fbf1920c14b09b31 -L dependency=/home/lucien/working/industrial-algebra/Amari/.worktrees/core-w00/target/d07-baseline/w00/nightly/debug/build/rustversion/acea2b2ba54cc62b/out -L dependency=/home/lucien/working/industrial-algebra/Amari/.worktrees/core-w00/target/d07-baseline/w00/nightly/debug/build/thiserror-impl/6c56ce7a54a3d7e9/out -L dependency=/home/lucien/working/industrial-algebra/Amari/.worktrees/core-w00/target/d07-baseline/w00/nightly/x86_64-unknown-linux-gnu/debug/build/approx/58f1ab2ee9e1db68/out -L dependency=/home/lucien/working/industrial-algebra/Amari/.worktrees/core-w00/target/d07-baseline/w00/nightly/x86_64-unknown-linux-gnu/debug/build/bytemuck/640c33cb940fceda/out -L dependency=/home/lucien/working/industrial-algebra/Amari/.worktrees/core-w00/target/d07-baseline/w00/nightly/x86_64-unknown-linux-gnu/debug/build/cfg-if/6ffbd5e4c9093f4c/out -L dependency=/home/lucien/working/industrial-algebra/Amari/.worktrees/core-w00/target/d07-baseline/w00/nightly/x86_64-unknown-linux-gnu/debug/build/dashu-base/e83d921c01fe71df/out -L dependency=/home/lucien/working/industrial-algebra/Amari/.worktrees/core-w00/target/d07-baseline/w00/nightly/x86_64-unknown-linux-gnu/debug/build/dashu-float/de5e1a253c997de8/out -L dependency=/home/lucien/working/industrial-algebra/Amari/.worktrees/core-w00/target/d07-baseline/w00/nightly/x86_64-unknown-linux-gnu/debug/build/dashu-int/bd3323b2dfdb7056/out -L dependency=/home/lucien/working/industrial-algebra/Amari/.worktrees/core-w00/target/d07-baseline/w00/nightly/x86_64-unknown-linux-gnu/debug/build/num-modular/5fcaea946d09bbd6/out -L dependency=/home/lucien/working/industrial-algebra/Amari/.worktrees/core-w00/target/d07-baseline/w00/nightly/x86_64-unknown-linux-gnu/debug/build/num-traits/c34bc9095a07a934/out -L dependency=/home/lucien/working/industrial-algebra/Amari/.worktrees/core-w00/target/d07-baseline/w00/nightly/x86_64-unknown-linux-gnu/debug/build/static_assertions/7559dbb581ad2ee3/out -L dependency=/home/lucien/working/industrial-algebra/Amari/.worktrees/core-w00/target/d07-baseline/w00/nightly/x86_64-unknown-linux-gnu/debug/build/thiserror/eccadb88bdb09e4a/out -L dependency=/home/lucien/working/industrial-algebra/Amari/.worktrees/core-w00/target/d07-baseline/w00/nightly/debug/build/amari-core/21ab0445848b75b7/out --extern approx=/home/lucien/working/industrial-algebra/Amari/.worktrees/core-w00/target/d07-baseline/w00/nightly/x86_64-unknown-linux-gnu/debug/build/approx/58f1ab2ee9e1db68/out/libapprox-58f1ab2ee9e1db68.rmeta --extern bytemuck=/home/lucien/working/industrial-algebra/Amari/.worktrees/core-w00/target/d07-baseline/w00/nightly/x86_64-unknown-linux-gnu/debug/build/bytemuck/640c33cb940fceda/out/libbytemuck-640c33cb940fceda.rmeta --extern dashu_float=/home/lucien/working/industrial-algebra/Amari/.worktrees/core-w00/target/d07-baseline/w00/nightly/x86_64-unknown-linux-gnu/debug/build/dashu-float/de5e1a253c997de8/out/libdashu_float-de5e1a253c997de8.rmeta --extern num_traits=/home/lucien/working/industrial-algebra/Amari/.worktrees/core-w00/target/d07-baseline/w00/nightly/x86_64-unknown-linux-gnu/debug/build/num-traits/c34bc9095a07a934/out/libnum_traits-c34bc9095a07a934.rmeta --extern thiserror=/home/lucien/working/industrial-algebra/Amari/.worktrees/core-w00/target/d07-baseline/w00/nightly/x86_64-unknown-linux-gnu/debug/build/thiserror/eccadb88bdb09e4a/out/libthiserror-eccadb88bdb09e4a.rmeta -D warnings -C target-cpu=x86-64 -C target-feature=-avx2 --crate-version 0.24.1`
    Finished `dev` profile [unoptimized + debuginfo] target(s) in 0.26s
   Generated /home/lucien/working/industrial-algebra/Amari/.worktrees/core-w00/target/d07-baseline/w00/nightly/x86_64-unknown-linux-gnu/doc/amari_core/index.html
