   Compiling proc-macro2 v1.0.107
   Compiling quote v1.0.47
   Compiling unicode-ident v1.0.26
   Compiling cfg-if v1.0.5
   Compiling libc v0.2.190
   Compiling zerocopy v0.8.62
   Compiling autocfg v1.5.1
   Compiling getrandom v0.3.4
   Compiling serde_core v1.0.229
   Compiling crossbeam-utils v0.8.23
   Compiling getrandom v0.4.3
   Compiling rand_core v0.10.1
   Compiling crossbeam-epoch v0.9.21
   Compiling find-msvc-tools v0.1.14
   Compiling crossbeam-deque v0.8.8
   Compiling rustix v1.1.5
   Compiling zmij v1.0.23
   Compiling serde v1.0.229
   Compiling rustversion v1.0.23
   Compiling shlex v2.0.1
   Compiling either v1.19.0
   Compiling dashu-int v0.4.3
   Compiling rayon-core v1.13.0
   Compiling serde_json v1.0.151
   Compiling bitflags v2.13.2
   Compiling regex-syntax v0.8.11
   Compiling linux-raw-sys v0.12.1
   Compiling fastrand v2.5.0
   Compiling once_cell v1.21.4
   Compiling plotters-backend v0.3.7
   Compiling ciborium-io v0.2.2
   Compiling cc v1.6.0
   Compiling dashu-base v0.4.3
   Compiling memchr v2.8.3
   Compiling num-modular v0.6.6
   Compiling clap_lex v1.1.1
   Compiling itoa v1.0.18
   Compiling anstyle v1.0.14
   Compiling static_assertions v1.1.0
   Compiling thiserror v2.0.21
   Compiling itertools v0.13.0
   Compiling same-file v1.0.6
   Compiling fnv v1.0.7
   Compiling cpufeatures v0.3.1
   Compiling clap_builder v4.6.7
   Compiling bit-vec v0.8.0
   Compiling quick-error v1.2.3
   Compiling num-traits v0.2.19
   Compiling cast v0.3.0
   Compiling walkdir v2.5.0
   Compiling chacha20 v0.10.2
   Compiling bytemuck v1.25.2
   Compiling oorandom v11.1.5
   Compiling plotters-svg v0.3.7
   Compiling bit-set v0.8.0
   Compiling unarray v0.1.4
   Compiling anes v0.1.6
   Compiling syn v2.0.119
   Compiling syn v3.0.6
   Compiling approx v0.5.1
   Compiling plotters v0.3.7
   Compiling wait-timeout v0.2.1
   Compiling page_size v0.6.0
   Compiling rand_core v0.9.5
   Compiling rand v0.10.3
   Compiling alloca v0.4.0
   Compiling rand_xorshift v0.4.0
   Compiling rand v0.9.5
   Compiling rayon v1.12.0
   Compiling regex-automata v0.4.18
   Compiling tempfile v3.27.0
   Compiling criterion-plot v0.8.2
   Compiling clap v4.6.7
   Compiling rusty-fork v0.3.1
   Compiling serde_derive v1.0.229
   Compiling thiserror-impl v2.0.21
   Compiling zerocopy-derive v0.8.62
   Compiling dashu-float v0.4.5
   Compiling regex v1.13.1
   Compiling tinytemplate v1.2.1
   Compiling amari-core v0.24.1 (/home/lucien/working/industrial-algebra/Amari/.worktrees/core-w01/amari-core)
   Compiling half v2.7.1
   Compiling ppv-lite86 v0.2.21
   Compiling ciborium-ll v0.2.2
   Compiling rand_chacha v0.9.0
   Compiling ciborium v0.2.2
   Compiling proptest v1.11.0
   Compiling criterion v0.8.2
    Finished `release` profile [optimized] target(s) in 18.03s
     Running tests/arithmetic_regressions.rs (target/d07-baseline/w01/stable/x86_64-unknown-linux-gnu/release/deps/arithmetic_regressions-b42b9ed64765a0c7)

running 6 tests
test gp_small_finite_factor_is_not_zero ... ok
test gp_associativity_does_not_drop_a_small_intermediate ... ok
test projected_inner_and_contractions_keep_small_grade_components ... ok
test projected_outer_product_keeps_small_grade_components ... ok
test structural_hodge_transport_is_linear_at_small_scale ... ok
test structural_grade_reports_a_small_nonzero_component ... ok

test result: ok. 6 passed; 0 failed; 0 ignored; 0 measured; 0 filtered out; finished in 0.00s

