 Downloading crates ...
  Downloaded bytemuck_derive v1.12.1
  Downloaded pkg-config v0.3.34
  Downloaded wasm-bindgen-futures v0.4.79
  Downloaded futures-sink v0.3.34
  Downloaded futures-io v0.3.34
  Downloaded wasm-bindgen-macro v0.2.129
  Downloaded wasm-bindgen-shared v0.2.129
  Downloaded futures-macro v0.3.34
  Downloaded tokio-macros v2.7.2
  Downloaded profiling v1.0.18
  Downloaded futures-core v0.3.34
  Downloaded futures-task v0.3.34
  Downloaded gpu-alloc-types v0.3.1
  Downloaded futures-executor v0.3.34
  Downloaded toml_datetime v1.1.2+spec-1.1.0
  Downloaded signal-hook-registry v1.4.8
  Downloaded gpu-alloc v0.6.2
  Downloaded futures-channel v0.3.34
  Downloaded smallvec v1.16.2
  Downloaded toml_parser v1.1.5+spec-1.1.0
  Downloaded socket2 v0.6.5
  Downloaded toml_edit v0.25.17+spec-1.1.0
  Downloaded wasm-bindgen v0.2.129
  Downloaded futures v0.3.34
  Downloaded futures-util v0.3.34
  Downloaded js-sys v0.3.106
  Downloaded mio v1.2.4
  Downloaded wasm-bindgen-macro-support v0.2.129
  Downloaded web-sys v0.3.106
  Downloaded glam v0.33.12
  Downloaded tokio v1.53.2
   Compiling libm v0.2.16
   Compiling version_check v0.9.5
   Compiling getrandom v0.4.3
    Checking once_cell v1.21.4
   Compiling zerocopy v0.8.62
    Checking typenum v1.20.1
   Compiling wasm-bindgen-shared v0.2.129
    Checking memchr v2.8.3
   Compiling num-traits v0.2.19
    Checking unicode-ident v1.0.26
   Compiling matrixmultiply v0.3.11
    Checking equivalent v1.0.2
   Compiling cfg_aliases v0.1.1
    Checking futures-sink v0.3.34
    Checking pin-project-lite v0.2.17
    Checking hashbrown v0.17.1
    Checking rawpointer v0.2.1
    Checking futures-core v0.3.34
    Checking slab v0.4.12
    Checking futures-io v0.3.34
   Compiling bumpalo v3.20.3
    Checking futures-task v0.3.34
   Compiling syn v3.0.6
   Compiling nalgebra-macros v0.3.0
   Compiling serde_core v1.0.229
   Compiling wasm-bindgen v0.2.129
   Compiling zmij v1.0.23
   Compiling parking_lot_core v0.9.12
   Compiling thiserror v1.0.69
   Compiling serde_json v1.0.151
   Compiling thiserror-impl v1.0.69
   Compiling ash v0.37.3+1.3.251
    Checking smallvec v1.16.2
    Checking termcolor v1.4.1
    Checking futures-channel v0.3.34
   Compiling khronos-egl v6.0.0
    Checking bit-vec v0.6.3
    Checking allocator-api2 v0.2.21
   Compiling proc-macro2 v1.0.107
    Checking scopeguard v1.2.0
    Checking unicode-width v0.1.14
    Checking utf8parse v0.2.2
    Checking lock_api v0.4.14
    Checking bit-set v0.5.3
    Checking anstyle-parse v1.0.0
    Checking rand v0.10.3
   Compiling wgpu-hal v0.19.5
    Checking libloading v0.7.4
   Compiling generic-array v0.14.7
   Compiling ahash v0.8.12
    Checking gpu-alloc-types v0.3.1
    Checking libloading v0.8.9
    Checking gpu-descriptor-types v0.1.2
    Checking spirv v0.3.0+sdk-1.3.268.0
    Checking codespan-reporting v0.11.1
    Checking hexf-parse v0.2.1
    Checking anstyle-query v1.1.5
    Checking unicode-xid v0.2.6
   Compiling ref-cast v1.0.27
    Checking is_terminal_polyfill v1.70.2
    Checking log v0.4.34
    Checking colorchoice v1.0.5
    Checking rustc-hash v1.1.0
    Checking parking_lot v0.12.5
    Checking anstream v1.0.0
    Checking gpu-alloc v0.6.2
   Compiling wgpu-core v0.19.4
    Checking wgpu-types v0.19.2
   Compiling quote v1.0.47
   Compiling heck v0.5.0
    Checking renderdoc-sys v1.1.0
    Checking raw-window-handle v0.6.2
    Checking winnow v0.7.15
    Checking toml_write v0.1.2
   Compiling rustix v1.1.5
    Checking cpufeatures v0.2.17
    Checking winnow v1.0.4
    Checking arrayvec v0.7.8
   Compiling itoa v1.0.18
    Checking profiling v1.0.18
    Checking strsim v0.11.1
    Checking glow v0.13.1
    Checking indexmap v2.14.2
    Checking either v1.19.0
    Checking syn v2.0.119
    Checking clap_builder v4.6.7
   Compiling wgpu v0.19.4
    Checking dyn-clone v1.0.20
    Checking toml_datetime v1.1.2+spec-1.1.0
    Checking linux-raw-sys v0.12.1
    Checking rayon v1.12.0
   Compiling amari-discovery v0.24.1 (/home/lucien/working/industrial-algebra/Amari/.worktrees/core-w01/amari-discovery)
   Compiling amari-flynn-macros v0.24.1 (/home/lucien/working/industrial-algebra/Amari/.worktrees/core-w01/amari-flynn-macros)
    Checking hex v0.4.3
   Compiling amari-wasm v0.24.1 (/home/lucien/working/industrial-algebra/Amari/.worktrees/core-w01/amari-wasm)
    Checking tokio v1.53.2
    Checking pollster v1.0.1
    Checking approx v0.5.1
    Checking num-integer v0.1.47
    Checking num-complex v0.4.6
    Checking block-buffer v0.10.4
    Checking crypto-common v0.1.7
    Checking rand_distr v0.6.0
    Checking digest v0.10.7
    Checking num-bigint v0.4.8
    Checking naga v0.19.2
    Checking sha2 v0.10.9
    Checking toml_parser v1.1.5+spec-1.1.0
    Checking amari-flynn v0.24.1 (/home/lucien/working/industrial-algebra/Amari/.worktrees/core-w01/amari-flynn)
    Checking toml_edit v0.25.17+spec-1.1.0
    Checking num-rational v0.4.2
    Checking proc-macro-crate v3.5.0
    Checking amari-rewrite-macros v0.24.1 (/home/lucien/working/industrial-algebra/Amari/.worktrees/core-w01/amari-rewrite-macros)
   Compiling amari-discovery-macros v0.24.1 (/home/lucien/working/industrial-algebra/Amari/.worktrees/core-w01/amari-discovery-macros)
   Compiling wasm-bindgen-macro-support v0.2.129
   Compiling serde_derive_internals v0.30.0
    Checking ppv-lite86 v0.2.21
    Checking hashbrown v0.14.5
    Checking rand_chacha v0.10.0
   Compiling thiserror-impl v2.0.21
   Compiling bytemuck_derive v1.12.1
   Compiling serde_derive v1.0.229
   Compiling futures-macro v0.3.34
   Compiling ref-cast-impl v1.0.27
   Compiling clap_derive v4.6.7
   Compiling schemars_derive v1.2.2
    Checking gpu-descriptor v0.2.4
    Checking futures-util v0.3.34
    Checking thiserror v2.0.21
    Checking bytemuck v1.25.2
    Checking amari-cgt v0.24.1 (/home/lucien/working/industrial-algebra/Amari/.worktrees/core-w01/amari-cgt)
    Checking amari-rewrite v0.24.1 (/home/lucien/working/industrial-algebra/Amari/.worktrees/core-w01/amari-rewrite)
    Checking amari-core v0.24.1 (/home/lucien/working/industrial-algebra/Amari/.worktrees/core-w01/amari-core)
    Checking safe_arch v1.2.0
    Checking amari-surreal v0.24.1 (/home/lucien/working/industrial-algebra/Amari/.worktrees/core-w01/amari-surreal)
    Checking wide v1.7.1
    Checking amari-surcomplex v0.24.1 (/home/lucien/working/industrial-algebra/Amari/.worktrees/core-w01/amari-surcomplex)
    Checking amari-dual v0.24.1 (/home/lucien/working/industrial-algebra/Amari/.worktrees/core-w01/amari-dual)
    Checking amari-tropical v0.24.1 (/home/lucien/working/industrial-algebra/Amari/.worktrees/core-w01/amari-tropical)
    Checking amari-info-geom v0.24.1 (/home/lucien/working/industrial-algebra/Amari/.worktrees/core-w01/amari-info-geom)
    Checking amari-holographic v0.24.1 (/home/lucien/working/industrial-algebra/Amari/.worktrees/core-w01/amari-holographic)
    Checking amari-enumerative v0.24.1 (/home/lucien/working/industrial-algebra/Amari/.worktrees/core-w01/amari-enumerative)
    Checking clap v4.6.7
    Checking amari-measure v0.24.1 (/home/lucien/working/industrial-algebra/Amari/.worktrees/core-w01/amari-measure)
    Checking amari-optimization v0.24.1 (/home/lucien/working/industrial-algebra/Amari/.worktrees/core-w01/amari-optimization)
    Checking amari-fusion v0.24.1 (/home/lucien/working/industrial-algebra/Amari/.worktrees/core-w01/amari-fusion)
    Checking amari-automata v0.24.1 (/home/lucien/working/industrial-algebra/Amari/.worktrees/core-w01/amari-automata)
    Checking amari-calculus v0.24.1 (/home/lucien/working/industrial-algebra/Amari/.worktrees/core-w01/amari-calculus)
    Checking amari-probabilistic v0.24.1 (/home/lucien/working/industrial-algebra/Amari/.worktrees/core-w01/amari-probabilistic)
    Checking amari-functional v0.24.1 (/home/lucien/working/industrial-algebra/Amari/.worktrees/core-w01/amari-functional)
    Checking amari-topology v0.24.1 (/home/lucien/working/industrial-algebra/Amari/.worktrees/core-w01/amari-topology)
    Checking futures-executor v0.3.34
    Checking futures v0.3.34
    Checking serde v1.0.229
    Checking toml_datetime v0.6.11
    Checking serde_spanned v0.6.9
    Checking schemars v1.2.2
    Checking toml_edit v0.22.27
   Compiling wasm-bindgen-macro v0.2.129
    Checking toml v0.8.23
    Checking js-sys v0.3.106
    Checking console_error_panic_hook v0.1.7
    Checking simba v0.10.2
    Checking nalgebra v0.35.0
    Checking serde-wasm-bindgen v0.6.5
    Checking wasm-bindgen-futures v0.4.79
    Checking web-sys v0.3.106
    Checking amari-network v0.24.1 (/home/lucien/working/industrial-algebra/Amari/.worktrees/core-w01/amari-network)
    Checking amari-relativistic v0.24.1 (/home/lucien/working/industrial-algebra/Amari/.worktrees/core-w01/amari-relativistic)
    Checking amari-dynamics v0.24.1 (/home/lucien/working/industrial-algebra/Amari/.worktrees/core-w01/amari-dynamics)
    Checking amari v0.24.1 (/home/lucien/working/industrial-algebra/Amari/.worktrees/core-w01)
    Checking amari-gpu v0.24.1 (/home/lucien/working/industrial-algebra/Amari/.worktrees/core-w01/amari-gpu)
    Finished `dev` profile [unoptimized + debuginfo] target(s) in 20.23s
warning: the following packages contain code that will be rejected by a future version of Rust: wgpu v0.19.4, wgpu-core v0.19.4, wgpu-hal v0.19.5
note: to see what the problems were, use the option `--future-incompat-report`, or run `cargo report future-incompatibilities --id 1`
